<!doctype html public "-//w3c//dtd html 4.0 transitional//en">
<html><head>
<title>Static Call Graph - [.\output_Iap\BridgewareV2.axf]</title></head>
<body><HR>
<H1>Static Call Graph for image .\output_Iap\BridgewareV2.axf</H1><HR>
<BR><P>#&#060CALLGRAPH&#062# ARM Linker, 5060960: Last Updated: Wed Jan 31 11:04:39 2024
<BR><P>
<H3>Maximum Stack Usage =       1096 bytes + Unknown(Cycles, Untraceable Function Pointers)</H3><H3>
Call chain for Maximum Stack Depth:</H3>
mainprocess &rArr; GsmComProc &rArr; AtCmdProc &rArr; AtCmdPaser &rArr; OtaParse &rArr; atol &rArr; strtol &rArr; _strtoul
<P>
<H3>
Mutually Recursive functions
</H3> <LI><a href="#[1be]">pcTaskGetName</a>&nbsp;&nbsp;&nbsp;&rArr;&nbsp;&nbsp;&nbsp;<a href="#[1be]">pcTaskGetName</a><BR>
 <LI><a href="#[1c]">ADC0_1_IRQHandler</a>&nbsp;&nbsp;&nbsp;&rArr;&nbsp;&nbsp;&nbsp;<a href="#[1c]">ADC0_1_IRQHandler</a><BR>
 <LI><a href="#[4]">BusFault_Handler</a>&nbsp;&nbsp;&nbsp;&rArr;&nbsp;&nbsp;&nbsp;<a href="#[4]">BusFault_Handler</a><BR>
 <LI><a href="#[2]">HardFault_Handler</a>&nbsp;&nbsp;&nbsp;&rArr;&nbsp;&nbsp;&nbsp;<a href="#[2]">HardFault_Handler</a><BR>
 <LI><a href="#[3]">MemManage_Handler</a>&nbsp;&nbsp;&nbsp;&rArr;&nbsp;&nbsp;&nbsp;<a href="#[3]">MemManage_Handler</a><BR>
 <LI><a href="#[5]">UsageFault_Handler</a>&nbsp;&nbsp;&nbsp;&rArr;&nbsp;&nbsp;&nbsp;<a href="#[5]">UsageFault_Handler</a><BR>
 <LI><a href="#[4e]">task_init</a>&nbsp;&nbsp;&nbsp;&rArr;&nbsp;&nbsp;&nbsp;<a href="#[4e]">task_init</a><BR>
</UL>
<P>
<H3>
Function Pointers
</H3><UL>
 <LI><a href="#[1c]">ADC0_1_IRQHandler</a> from startup_gd32f10x_hd.o(.text) referenced from startup_gd32f10x_hd.o(RESET)
 <LI><a href="#[39]">ADC2_IRQHandler</a> from startup_gd32f10x_hd.o(.text) referenced from startup_gd32f10x_hd.o(RESET)
 <LI><a href="#[6b]">AtCmdApnParse</a> from atcmd.o(i.AtCmdApnParse) referenced from atcmd.o(.constdata)
 <LI><a href="#[6d]">AtCmdApnPswdParse</a> from atcmd.o(i.AtCmdApnPswdParse) referenced from atcmd.o(.constdata)
 <LI><a href="#[6c]">AtCmdApnUserParse</a> from atcmd.o(i.AtCmdApnUserParse) referenced from atcmd.o(.constdata)
 <LI><a href="#[71]">AtCmdBrokerParse</a> from atcmd.o(i.AtCmdBrokerParse) referenced from atcmd.o(.constdata)
 <LI><a href="#[5d]">AtCmdCgactSend</a> from atcmd.o(i.AtCmdCgactSend) referenced from atcmd.o(.constdata)
 <LI><a href="#[5c]">AtCmdCgdcontSend</a> from atcmd.o(i.AtCmdCgdcontSend) referenced from atcmd.o(.constdata)
 <LI><a href="#[5a]">AtCmdCipSend</a> from atcmd.o(i.AtCmdCipSend) referenced from atcmd.o(.constdata)
 <LI><a href="#[5b]">AtCmdCipSendOk</a> from atcmd.o(i.AtCmdCipSendOk) referenced from atcmd.o(.constdata)
 <LI><a href="#[59]">AtCmdCipStart</a> from atcmd.o(i.AtCmdCipStart) referenced from atcmd.o(.constdata)
 <LI><a href="#[54]">AtCmdCmgrSend</a> from atcmd.o(i.AtCmdCmgrSend) referenced from atcmd.o(.constdata)
 <LI><a href="#[56]">AtCmdCmgsSMSSend</a> from atcmd.o(i.AtCmdCmgsSMSSend) referenced from atcmd.o(.constdata)
 <LI><a href="#[55]">AtCmdCmgsSend</a> from atcmd.o(i.AtCmdCmgsSend) referenced from atcmd.o(.constdata)
 <LI><a href="#[57]">AtCmdCpmsAck</a> from atcmd.o(i.AtCmdCpmsAck) referenced from atcmd.o(.constdata)
 <LI><a href="#[58]">AtCmdCsttSend</a> from atcmd.o(i.AtCmdCsttSend) referenced from atcmd.o(.constdata)
 <LI><a href="#[6f]">AtCmdMeansFrqParse</a> from atcmd.o(i.AtCmdMeansFrqParse) referenced from atcmd.o(.constdata)
 <LI><a href="#[5e]">AtCmdMqttAccqSend</a> from atcmd.o(i.AtCmdMqttAccqSend) referenced from atcmd.o(.constdata)
 <LI><a href="#[5f]">AtCmdMqttConnectSend</a> from atcmd.o(i.AtCmdMqttConnectSend) referenced from atcmd.o(.constdata)
 <LI><a href="#[63]">AtCmdMqttPayloadAck</a> from atcmd.o(i.AtCmdMqttPayloadAck) referenced from atcmd.o(.constdata)
 <LI><a href="#[62]">AtCmdMqttPayloadSend</a> from atcmd.o(i.AtCmdMqttPayloadSend) referenced from atcmd.o(.constdata)
 <LI><a href="#[74]">AtCmdMqttPswdParse</a> from atcmd.o(i.AtCmdMqttPswdParse) referenced from atcmd.o(.constdata)
 <LI><a href="#[64]">AtCmdMqttPubSend</a> from atcmd.o(i.AtCmdMqttPubSend) referenced from atcmd.o(.constdata)
 <LI><a href="#[66]">AtCmdMqttSubAck</a> from atcmd.o(i.AtCmdMqttSubAck) referenced from atcmd.o(.constdata)
 <LI><a href="#[65]">AtCmdMqttSubSend</a> from atcmd.o(i.AtCmdMqttSubSend) referenced from atcmd.o(.constdata)
 <LI><a href="#[68]">AtCmdMqttSubtopicAck</a> from atcmd.o(i.AtCmdMqttSubtopicAck) referenced from atcmd.o(.constdata)
 <LI><a href="#[67]">AtCmdMqttSubtopicSend</a> from atcmd.o(i.AtCmdMqttSubtopicSend) referenced from atcmd.o(.constdata)
 <LI><a href="#[61]">AtCmdMqttTopicAck</a> from atcmd.o(i.AtCmdMqttTopicAck) referenced from atcmd.o(.constdata)
 <LI><a href="#[60]">AtCmdMqttTopicSend</a> from atcmd.o(i.AtCmdMqttTopicSend) referenced from atcmd.o(.constdata)
 <LI><a href="#[6a]">AtCmdMqttUnSubAck</a> from atcmd.o(i.AtCmdMqttUnSubAck) referenced from atcmd.o(.constdata)
 <LI><a href="#[69]">AtCmdMqttUnSubSend</a> from atcmd.o(i.AtCmdMqttUnSubSend) referenced from atcmd.o(.constdata)
 <LI><a href="#[73]">AtCmdMqttUsrNameParse</a> from atcmd.o(i.AtCmdMqttUsrNameParse) referenced from atcmd.o(.constdata)
 <LI><a href="#[75]">AtCmdPhoneNoParse</a> from atcmd.o(i.AtCmdPhoneNoParse) referenced from atcmd.o(.constdata)
 <LI><a href="#[72]">AtCmdPortParse</a> from atcmd.o(i.AtCmdPortParse) referenced from atcmd.o(.constdata)
 <LI><a href="#[53]">AtCmdSend</a> from atcmd.o(i.AtCmdSend) referenced 33 times from atcmd.o(.constdata)
 <LI><a href="#[6e]">AtCmdTokenParse</a> from atcmd.o(i.AtCmdTokenParse) referenced from atcmd.o(.constdata)
 <LI><a href="#[70]">AtCmdTransFrqParse</a> from atcmd.o(i.AtCmdTransFrqParse) referenced from atcmd.o(.constdata)
 <LI><a href="#[4]">BusFault_Handler</a> from gd32f10x_it.o(i.BusFault_Handler) referenced from startup_gd32f10x_hd.o(RESET)
 <LI><a href="#[20]">CAN0_EWMC_IRQHandler</a> from startup_gd32f10x_hd.o(.text) referenced from startup_gd32f10x_hd.o(RESET)
 <LI><a href="#[1f]">CAN0_RX1_IRQHandler</a> from startup_gd32f10x_hd.o(.text) referenced from startup_gd32f10x_hd.o(RESET)
 <LI><a href="#[15]">DMA0_Channel0_IRQHandler</a> from startup_gd32f10x_hd.o(.text) referenced from startup_gd32f10x_hd.o(RESET)
 <LI><a href="#[16]">DMA0_Channel1_IRQHandler</a> from startup_gd32f10x_hd.o(.text) referenced from startup_gd32f10x_hd.o(RESET)
 <LI><a href="#[17]">DMA0_Channel2_IRQHandler</a> from startup_gd32f10x_hd.o(.text) referenced from startup_gd32f10x_hd.o(RESET)
 <LI><a href="#[18]">DMA0_Channel3_IRQHandler</a> from startup_gd32f10x_hd.o(.text) referenced from startup_gd32f10x_hd.o(RESET)
 <LI><a href="#[19]">DMA0_Channel4_IRQHandler</a> from startup_gd32f10x_hd.o(.text) referenced from startup_gd32f10x_hd.o(RESET)
 <LI><a href="#[1a]">DMA0_Channel5_IRQHandler</a> from startup_gd32f10x_hd.o(.text) referenced from startup_gd32f10x_hd.o(RESET)
 <LI><a href="#[1b]">DMA0_Channel6_IRQHandler</a> from startup_gd32f10x_hd.o(.text) referenced from startup_gd32f10x_hd.o(RESET)
 <LI><a href="#[42]">DMA1_Channel0_IRQHandler</a> from startup_gd32f10x_hd.o(.text) referenced from startup_gd32f10x_hd.o(RESET)
 <LI><a href="#[43]">DMA1_Channel1_IRQHandler</a> from startup_gd32f10x_hd.o(.text) referenced from startup_gd32f10x_hd.o(RESET)
 <LI><a href="#[44]">DMA1_Channel2_IRQHandler</a> from startup_gd32f10x_hd.o(.text) referenced from startup_gd32f10x_hd.o(RESET)
 <LI><a href="#[45]">DMA1_Channel3_4_IRQHandler</a> from startup_gd32f10x_hd.o(.text) referenced from startup_gd32f10x_hd.o(RESET)
 <LI><a href="#[7]">DebugMon_Handler</a> from gd32f10x_it.o(i.DebugMon_Handler) referenced from startup_gd32f10x_hd.o(RESET)
 <LI><a href="#[3a]">EXMC_IRQHandler</a> from startup_gd32f10x_hd.o(.text) referenced from startup_gd32f10x_hd.o(RESET)
 <LI><a href="#[10]">EXTI0_IRQHandler</a> from gd32f10x_it.o(i.EXTI0_IRQHandler) referenced from startup_gd32f10x_hd.o(RESET)
 <LI><a href="#[32]">EXTI10_15_IRQHandler</a> from startup_gd32f10x_hd.o(.text) referenced from startup_gd32f10x_hd.o(RESET)
 <LI><a href="#[11]">EXTI1_IRQHandler</a> from startup_gd32f10x_hd.o(.text) referenced from startup_gd32f10x_hd.o(RESET)
 <LI><a href="#[12]">EXTI2_IRQHandler</a> from startup_gd32f10x_hd.o(.text) referenced from startup_gd32f10x_hd.o(RESET)
 <LI><a href="#[13]">EXTI3_IRQHandler</a> from startup_gd32f10x_hd.o(.text) referenced from startup_gd32f10x_hd.o(RESET)
 <LI><a href="#[14]">EXTI4_IRQHandler</a> from startup_gd32f10x_hd.o(.text) referenced from startup_gd32f10x_hd.o(RESET)
 <LI><a href="#[21]">EXTI5_9_IRQHandler</a> from startup_gd32f10x_hd.o(.text) referenced from startup_gd32f10x_hd.o(RESET)
 <LI><a href="#[e]">FMC_IRQHandler</a> from startup_gd32f10x_hd.o(.text) referenced from startup_gd32f10x_hd.o(RESET)
 <LI><a href="#[2]">HardFault_Handler</a> from gd32f10x_it.o(i.HardFault_Handler) referenced from startup_gd32f10x_hd.o(RESET)
 <LI><a href="#[2a]">I2C0_ER_IRQHandler</a> from startup_gd32f10x_hd.o(.text) referenced from startup_gd32f10x_hd.o(RESET)
 <LI><a href="#[29]">I2C0_EV_IRQHandler</a> from startup_gd32f10x_hd.o(.text) referenced from startup_gd32f10x_hd.o(RESET)
 <LI><a href="#[2c]">I2C1_ER_IRQHandler</a> from startup_gd32f10x_hd.o(.text) referenced from startup_gd32f10x_hd.o(RESET)
 <LI><a href="#[2b]">I2C1_EV_IRQHandler</a> from startup_gd32f10x_hd.o(.text) referenced from startup_gd32f10x_hd.o(RESET)
 <LI><a href="#[b]">LVD_IRQHandler</a> from startup_gd32f10x_hd.o(.text) referenced from startup_gd32f10x_hd.o(RESET)
 <LI><a href="#[3]">MemManage_Handler</a> from gd32f10x_it.o(i.MemManage_Handler) referenced from startup_gd32f10x_hd.o(RESET)
 <LI><a href="#[1]">NMI_Handler</a> from gd32f10x_it.o(i.NMI_Handler) referenced from startup_gd32f10x_hd.o(RESET)
 <LI><a href="#[8]">PendSV_Handler</a> from port.o(.emb_text) referenced from startup_gd32f10x_hd.o(RESET)
 <LI><a href="#[f]">RCU_IRQHandler</a> from startup_gd32f10x_hd.o(.text) referenced from startup_gd32f10x_hd.o(RESET)
 <LI><a href="#[33]">RTC_Alarm_IRQHandler</a> from startup_gd32f10x_hd.o(.text) referenced from startup_gd32f10x_hd.o(RESET)
 <LI><a href="#[d]">RTC_IRQHandler</a> from startup_gd32f10x_hd.o(.text) referenced from startup_gd32f10x_hd.o(RESET)
 <LI><a href="#[0]">Reset_Handler</a> from startup_gd32f10x_hd.o(.text) referenced from startup_gd32f10x_hd.o(RESET)
 <LI><a href="#[3b]">SDIO_IRQHandler</a> from startup_gd32f10x_hd.o(.text) referenced from startup_gd32f10x_hd.o(RESET)
 <LI><a href="#[2d]">SPI0_IRQHandler</a> from startup_gd32f10x_hd.o(.text) referenced from startup_gd32f10x_hd.o(RESET)
 <LI><a href="#[2e]">SPI1_IRQHandler</a> from startup_gd32f10x_hd.o(.text) referenced from startup_gd32f10x_hd.o(RESET)
 <LI><a href="#[3d]">SPI2_IRQHandler</a> from startup_gd32f10x_hd.o(.text) referenced from startup_gd32f10x_hd.o(RESET)
 <LI><a href="#[6]">SVC_Handler</a> from port.o(.emb_text) referenced from startup_gd32f10x_hd.o(RESET)
 <LI><a href="#[9]">SysTick_Handler</a> from gd32f10x_it.o(i.SysTick_Handler) referenced from startup_gd32f10x_hd.o(RESET)
 <LI><a href="#[47]">SystemInit</a> from system_gd32f10x.o(i.SystemInit) referenced from startup_gd32f10x_hd.o(.text)
 <LI><a href="#[c]">TAMPER_IRQHandler</a> from startup_gd32f10x_hd.o(.text) referenced from startup_gd32f10x_hd.o(RESET)
 <LI><a href="#[22]">TIMER0_BRK_IRQHandler</a> from startup_gd32f10x_hd.o(.text) referenced from startup_gd32f10x_hd.o(RESET)
 <LI><a href="#[25]">TIMER0_Channel_IRQHandler</a> from startup_gd32f10x_hd.o(.text) referenced from startup_gd32f10x_hd.o(RESET)
 <LI><a href="#[24]">TIMER0_TRG_CMT_IRQHandler</a> from startup_gd32f10x_hd.o(.text) referenced from startup_gd32f10x_hd.o(RESET)
 <LI><a href="#[23]">TIMER0_UP_IRQHandler</a> from startup_gd32f10x_hd.o(.text) referenced from startup_gd32f10x_hd.o(RESET)
 <LI><a href="#[26]">TIMER1_IRQHandler</a> from gd32f10x_it.o(i.TIMER1_IRQHandler) referenced from startup_gd32f10x_hd.o(RESET)
 <LI><a href="#[27]">TIMER2_IRQHandler</a> from gd32f10x_it.o(i.TIMER2_IRQHandler) referenced from startup_gd32f10x_hd.o(RESET)
 <LI><a href="#[28]">TIMER3_IRQHandler</a> from startup_gd32f10x_hd.o(.text) referenced from startup_gd32f10x_hd.o(RESET)
 <LI><a href="#[3c]">TIMER4_IRQHandler</a> from startup_gd32f10x_hd.o(.text) referenced from startup_gd32f10x_hd.o(RESET)
 <LI><a href="#[40]">TIMER5_IRQHandler</a> from startup_gd32f10x_hd.o(.text) referenced from startup_gd32f10x_hd.o(RESET)
 <LI><a href="#[41]">TIMER6_IRQHandler</a> from startup_gd32f10x_hd.o(.text) referenced from startup_gd32f10x_hd.o(RESET)
 <LI><a href="#[35]">TIMER7_BRK_IRQHandler</a> from startup_gd32f10x_hd.o(.text) referenced from startup_gd32f10x_hd.o(RESET)
 <LI><a href="#[38]">TIMER7_Channel_IRQHandler</a> from startup_gd32f10x_hd.o(.text) referenced from startup_gd32f10x_hd.o(RESET)
 <LI><a href="#[37]">TIMER7_TRG_CMT_IRQHandler</a> from startup_gd32f10x_hd.o(.text) referenced from startup_gd32f10x_hd.o(RESET)
 <LI><a href="#[36]">TIMER7_UP_IRQHandler</a> from startup_gd32f10x_hd.o(.text) referenced from startup_gd32f10x_hd.o(RESET)
 <LI><a href="#[50]">Task_system_state</a> from main.o(i.Task_system_state) referenced from main.o(i.main)
 <LI><a href="#[82]">TimeAbacSampleCallback</a> from timer.o(i.TimeAbacSampleCallback) referenced 2 times from timer.o(.constdata)
 <LI><a href="#[7c]">TimeBacklightCallback</a> from timer.o(i.TimeBacklightCallback) referenced 2 times from timer.o(.constdata)
 <LI><a href="#[80]">TimeCoulomCallback</a> from timer.o(i.TimeCoulomCallback) referenced 2 times from timer.o(.constdata)
 <LI><a href="#[7e]">TimeKbPwrHoldCallback</a> from timer.o(i.TimeKbPwrHoldCallback) referenced 2 times from timer.o(.constdata)
 <LI><a href="#[81]">TimeRamlReportCallback</a> from timer.o(i.TimeRamlReportCallback) referenced 2 times from timer.o(.constdata)
 <LI><a href="#[7d]">TimeSaverCallback</a> from timer.o(i.TimeSaverCallback) referenced 2 times from timer.o(.constdata)
 <LI><a href="#[7f]">TimeUiFlashCallback</a> from timer.o(i.TimeUiFlashCallback) referenced 2 times from timer.o(.constdata)
 <LI><a href="#[7a]">TimerBmsComCallback</a> from timer.o(i.TimerBmsComCallback) referenced 2 times from timer.o(.constdata)
 <LI><a href="#[77]">TimerCampCallback</a> from timer.o(i.TimerCampCallback) referenced 2 times from timer.o(.constdata)
 <LI><a href="#[76]">TimerGprsUploadCallback</a> from timer.o(i.TimerGprsUploadCallback) referenced 2 times from timer.o(.constdata)
 <LI><a href="#[7b]">TimerKeyScan</a> from timer.o(i.TimerKeyScan) referenced 2 times from timer.o(.constdata)
 <LI><a href="#[79]">TimerPaygCallback</a> from timer.o(i.TimerPaygCallback) referenced 2 times from timer.o(.constdata)
 <LI><a href="#[78]">TimerPumpCallback</a> from timer.o(i.TimerPumpCallback) referenced 2 times from timer.o(.constdata)
 <LI><a href="#[3e]">UART3_IRQHandler</a> from gd32f10x_it.o(i.UART3_IRQHandler) referenced from startup_gd32f10x_hd.o(RESET)
 <LI><a href="#[3f]">UART4_IRQHandler</a> from gd32f10x_it.o(i.UART4_IRQHandler) referenced from startup_gd32f10x_hd.o(RESET)
 <LI><a href="#[2f]">USART0_IRQHandler</a> from gd32f10x_it.o(i.USART0_IRQHandler) referenced from startup_gd32f10x_hd.o(RESET)
 <LI><a href="#[30]">USART1_IRQHandler</a> from gd32f10x_it.o(i.USART1_IRQHandler) referenced from startup_gd32f10x_hd.o(RESET)
 <LI><a href="#[31]">USART2_IRQHandler</a> from gd32f10x_it.o(i.USART2_IRQHandler) referenced from startup_gd32f10x_hd.o(RESET)
 <LI><a href="#[1d]">USBD_HP_CAN0_TX_IRQHandler</a> from startup_gd32f10x_hd.o(.text) referenced from startup_gd32f10x_hd.o(RESET)
 <LI><a href="#[1e]">USBD_LP_CAN0_RX0_IRQHandler</a> from gd32f10x_it.o(i.USBD_LP_CAN0_RX0_IRQHandler) referenced from startup_gd32f10x_hd.o(RESET)
 <LI><a href="#[34]">USBD_WKUP_IRQHandler</a> from startup_gd32f10x_hd.o(.text) referenced from startup_gd32f10x_hd.o(RESET)
 <LI><a href="#[5]">UsageFault_Handler</a> from gd32f10x_it.o(i.UsageFault_Handler) referenced from startup_gd32f10x_hd.o(RESET)
 <LI><a href="#[a]">WWDGT_IRQHandler</a> from startup_gd32f10x_hd.o(.text) referenced from startup_gd32f10x_hd.o(RESET)
 <LI><a href="#[48]">__main</a> from entry.o(.ARM.Collect$$$$00000000) referenced from startup_gd32f10x_hd.o(.text)
 <LI><a href="#[4a]">_sbackspace</a> from _sgetc.o(.text) referenced from strtod.o(.text)
 <LI><a href="#[49]">_sgetc</a> from _sgetc.o(.text) referenced from strtod.o(.text)
 <LI><a href="#[4d]">_sputc</a> from printfa.o(i._sputc) referenced from printfa.o(i.__0sprintf)
 <LI><a href="#[4c]">fputc</a> from main.o(i.fputc) referenced from printfa.o(i.__0printf)
 <LI><a href="#[4b]">isspace</a> from isspace_o.o(.text) referenced from strtod.o(.text)
 <LI><a href="#[46]">main</a> from main.o(i.main) referenced from entry9a.o(.ARM.Collect$$$$0000000B)
 <LI><a href="#[4f]">mainprocess</a> from main.o(i.mainprocess) referenced from main.o(i.main)
 <LI><a href="#[52]">prvIdleTask</a> from tasks.o(i.prvIdleTask) referenced from tasks.o(i.vTaskStartScheduler)
 <LI><a href="#[51]">prvTaskExitError</a> from port.o(i.prvTaskExitError) referenced from port.o(i.pxPortInitialiseStack)
 <LI><a href="#[4e]">task_init</a> from main.o(i.task_init) referenced from main.o(i.main)
</UL>
<P>
<H3>
Global Symbols
</H3>
<P><STRONG><a name="[48]"></a>__main</STRONG> (Thumb, 0 bytes, Stack size unknown bytes, entry.o(.ARM.Collect$$$$00000000))
<BR>[Address Reference Count : 1]<UL><LI> startup_gd32f10x_hd.o(.text)
</UL>
<P><STRONG><a name="[204]"></a>_main_stk</STRONG> (Thumb, 0 bytes, Stack size unknown bytes, entry2.o(.ARM.Collect$$$$00000001))

<P><STRONG><a name="[83]"></a>_main_scatterload</STRONG> (Thumb, 0 bytes, Stack size unknown bytes, entry5.o(.ARM.Collect$$$$00000004))
<BR><BR>[Calls]<UL><LI><a href="#[84]">&gt;&gt;</a>&nbsp;&nbsp;&nbsp;__scatterload
</UL>

<P><STRONG><a name="[a4]"></a>__main_after_scatterload</STRONG> (Thumb, 0 bytes, Stack size unknown bytes, entry5.o(.ARM.Collect$$$$00000004))
<BR><BR>[Called By]<UL><LI><a href="#[84]">&gt;&gt;</a>&nbsp;&nbsp;&nbsp;__scatterload
</UL>

<P><STRONG><a name="[205]"></a>_main_clock</STRONG> (Thumb, 0 bytes, Stack size unknown bytes, entry7b.o(.ARM.Collect$$$$00000008))

<P><STRONG><a name="[206]"></a>_main_cpp_init</STRONG> (Thumb, 0 bytes, Stack size unknown bytes, entry8b.o(.ARM.Collect$$$$0000000A))

<P><STRONG><a name="[207]"></a>_main_init</STRONG> (Thumb, 0 bytes, Stack size unknown bytes, entry9a.o(.ARM.Collect$$$$0000000B))

<P><STRONG><a name="[208]"></a>__rt_lib_shutdown_fini</STRONG> (Thumb, 0 bytes, Stack size unknown bytes, entry12b.o(.ARM.Collect$$$$0000000E))

<P><STRONG><a name="[209]"></a>__rt_final_cpp</STRONG> (Thumb, 0 bytes, Stack size unknown bytes, entry10a.o(.ARM.Collect$$$$0000000F))

<P><STRONG><a name="[20a]"></a>__rt_final_exit</STRONG> (Thumb, 0 bytes, Stack size unknown bytes, entry11a.o(.ARM.Collect$$$$00000011))

<P><STRONG><a name="[6]"></a>SVC_Handler</STRONG> (Thumb, 32 bytes, Stack size 0 bytes, port.o(.emb_text))
<BR>[Address Reference Count : 1]<UL><LI> startup_gd32f10x_hd.o(RESET)
</UL>
<P><STRONG><a name="[201]"></a>__asm___6_port_c_39a90d8d__prvStartFirstTask</STRONG> (Thumb, 28 bytes, Stack size 0 bytes, port.o(.emb_text))
<BR><BR>[Called By]<UL><LI><a href="#[1ff]">&gt;&gt;</a>&nbsp;&nbsp;&nbsp;xPortStartScheduler
</UL>

<P><STRONG><a name="[8]"></a>PendSV_Handler</STRONG> (Thumb, 72 bytes, Stack size 0 bytes, port.o(.emb_text))
<BR><BR>[Stack]<UL><LI>Max Depth = 40<LI>Call Chain = PendSV_Handler &rArr; vTaskSwitchContext &rArr; pcTaskGetName &rArr;  pcTaskGetName (Cycle)
</UL>
<BR>[Calls]<UL><LI><a href="#[85]">&gt;&gt;</a>&nbsp;&nbsp;&nbsp;vTaskSwitchContext
</UL>
<BR>[Address Reference Count : 1]<UL><LI> startup_gd32f10x_hd.o(RESET)
</UL>
<P><STRONG><a name="[20b]"></a>vPortGetIPSR</STRONG> (Thumb, 6 bytes, Stack size 0 bytes, port.o(.emb_text), UNUSED)

<P><STRONG><a name="[0]"></a>Reset_Handler</STRONG> (Thumb, 8 bytes, Stack size 0 bytes, startup_gd32f10x_hd.o(.text))
<BR>[Address Reference Count : 1]<UL><LI> startup_gd32f10x_hd.o(RESET)
</UL>
<P><STRONG><a name="[1c]"></a>ADC0_1_IRQHandler</STRONG> (Thumb, 0 bytes, Stack size 0 bytes, startup_gd32f10x_hd.o(.text))
<BR><BR>[Calls]<UL><LI><a href="#[1c]">&gt;&gt;</a>&nbsp;&nbsp;&nbsp;ADC0_1_IRQHandler
</UL>
<BR>[Called By]<UL><LI><a href="#[1c]">&gt;&gt;</a>&nbsp;&nbsp;&nbsp;ADC0_1_IRQHandler
</UL>
<BR>[Address Reference Count : 1]<UL><LI> startup_gd32f10x_hd.o(RESET)
</UL>
<P><STRONG><a name="[39]"></a>ADC2_IRQHandler</STRONG> (Thumb, 0 bytes, Stack size 0 bytes, startup_gd32f10x_hd.o(.text))
<BR>[Address Reference Count : 1]<UL><LI> startup_gd32f10x_hd.o(RESET)
</UL>
<P><STRONG><a name="[20]"></a>CAN0_EWMC_IRQHandler</STRONG> (Thumb, 0 bytes, Stack size 0 bytes, startup_gd32f10x_hd.o(.text))
<BR>[Address Reference Count : 1]<UL><LI> startup_gd32f10x_hd.o(RESET)
</UL>
<P><STRONG><a name="[1f]"></a>CAN0_RX1_IRQHandler</STRONG> (Thumb, 0 bytes, Stack size 0 bytes, startup_gd32f10x_hd.o(.text))
<BR>[Address Reference Count : 1]<UL><LI> startup_gd32f10x_hd.o(RESET)
</UL>
<P><STRONG><a name="[15]"></a>DMA0_Channel0_IRQHandler</STRONG> (Thumb, 0 bytes, Stack size 0 bytes, startup_gd32f10x_hd.o(.text))
<BR>[Address Reference Count : 1]<UL><LI> startup_gd32f10x_hd.o(RESET)
</UL>
<P><STRONG><a name="[16]"></a>DMA0_Channel1_IRQHandler</STRONG> (Thumb, 0 bytes, Stack size 0 bytes, startup_gd32f10x_hd.o(.text))
<BR>[Address Reference Count : 1]<UL><LI> startup_gd32f10x_hd.o(RESET)
</UL>
<P><STRONG><a name="[17]"></a>DMA0_Channel2_IRQHandler</STRONG> (Thumb, 0 bytes, Stack size 0 bytes, startup_gd32f10x_hd.o(.text))
<BR>[Address Reference Count : 1]<UL><LI> startup_gd32f10x_hd.o(RESET)
</UL>
<P><STRONG><a name="[18]"></a>DMA0_Channel3_IRQHandler</STRONG> (Thumb, 0 bytes, Stack size 0 bytes, startup_gd32f10x_hd.o(.text))
<BR>[Address Reference Count : 1]<UL><LI> startup_gd32f10x_hd.o(RESET)
</UL>
<P><STRONG><a name="[19]"></a>DMA0_Channel4_IRQHandler</STRONG> (Thumb, 0 bytes, Stack size 0 bytes, startup_gd32f10x_hd.o(.text))
<BR>[Address Reference Count : 1]<UL><LI> startup_gd32f10x_hd.o(RESET)
</UL>
<P><STRONG><a name="[1a]"></a>DMA0_Channel5_IRQHandler</STRONG> (Thumb, 0 bytes, Stack size 0 bytes, startup_gd32f10x_hd.o(.text))
<BR>[Address Reference Count : 1]<UL><LI> startup_gd32f10x_hd.o(RESET)
</UL>
<P><STRONG><a name="[1b]"></a>DMA0_Channel6_IRQHandler</STRONG> (Thumb, 0 bytes, Stack size 0 bytes, startup_gd32f10x_hd.o(.text))
<BR>[Address Reference Count : 1]<UL><LI> startup_gd32f10x_hd.o(RESET)
</UL>
<P><STRONG><a name="[42]"></a>DMA1_Channel0_IRQHandler</STRONG> (Thumb, 0 bytes, Stack size 0 bytes, startup_gd32f10x_hd.o(.text))
<BR>[Address Reference Count : 1]<UL><LI> startup_gd32f10x_hd.o(RESET)
</UL>
<P><STRONG><a name="[43]"></a>DMA1_Channel1_IRQHandler</STRONG> (Thumb, 0 bytes, Stack size 0 bytes, startup_gd32f10x_hd.o(.text))
<BR>[Address Reference Count : 1]<UL><LI> startup_gd32f10x_hd.o(RESET)
</UL>
<P><STRONG><a name="[44]"></a>DMA1_Channel2_IRQHandler</STRONG> (Thumb, 0 bytes, Stack size 0 bytes, startup_gd32f10x_hd.o(.text))
<BR>[Address Reference Count : 1]<UL><LI> startup_gd32f10x_hd.o(RESET)
</UL>
<P><STRONG><a name="[45]"></a>DMA1_Channel3_4_IRQHandler</STRONG> (Thumb, 0 bytes, Stack size 0 bytes, startup_gd32f10x_hd.o(.text))
<BR>[Address Reference Count : 1]<UL><LI> startup_gd32f10x_hd.o(RESET)
</UL>
<P><STRONG><a name="[3a]"></a>EXMC_IRQHandler</STRONG> (Thumb, 0 bytes, Stack size 0 bytes, startup_gd32f10x_hd.o(.text))
<BR>[Address Reference Count : 1]<UL><LI> startup_gd32f10x_hd.o(RESET)
</UL>
<P><STRONG><a name="[32]"></a>EXTI10_15_IRQHandler</STRONG> (Thumb, 0 bytes, Stack size 0 bytes, startup_gd32f10x_hd.o(.text))
<BR>[Address Reference Count : 1]<UL><LI> startup_gd32f10x_hd.o(RESET)
</UL>
<P><STRONG><a name="[11]"></a>EXTI1_IRQHandler</STRONG> (Thumb, 0 bytes, Stack size 0 bytes, startup_gd32f10x_hd.o(.text))
<BR>[Address Reference Count : 1]<UL><LI> startup_gd32f10x_hd.o(RESET)
</UL>
<P><STRONG><a name="[12]"></a>EXTI2_IRQHandler</STRONG> (Thumb, 0 bytes, Stack size 0 bytes, startup_gd32f10x_hd.o(.text))
<BR>[Address Reference Count : 1]<UL><LI> startup_gd32f10x_hd.o(RESET)
</UL>
<P><STRONG><a name="[13]"></a>EXTI3_IRQHandler</STRONG> (Thumb, 0 bytes, Stack size 0 bytes, startup_gd32f10x_hd.o(.text))
<BR>[Address Reference Count : 1]<UL><LI> startup_gd32f10x_hd.o(RESET)
</UL>
<P><STRONG><a name="[14]"></a>EXTI4_IRQHandler</STRONG> (Thumb, 0 bytes, Stack size 0 bytes, startup_gd32f10x_hd.o(.text))
<BR>[Address Reference Count : 1]<UL><LI> startup_gd32f10x_hd.o(RESET)
</UL>
<P><STRONG><a name="[21]"></a>EXTI5_9_IRQHandler</STRONG> (Thumb, 0 bytes, Stack size 0 bytes, startup_gd32f10x_hd.o(.text))
<BR>[Address Reference Count : 1]<UL><LI> startup_gd32f10x_hd.o(RESET)
</UL>
<P><STRONG><a name="[e]"></a>FMC_IRQHandler</STRONG> (Thumb, 0 bytes, Stack size 0 bytes, startup_gd32f10x_hd.o(.text))
<BR>[Address Reference Count : 1]<UL><LI> startup_gd32f10x_hd.o(RESET)
</UL>
<P><STRONG><a name="[2a]"></a>I2C0_ER_IRQHandler</STRONG> (Thumb, 0 bytes, Stack size 0 bytes, startup_gd32f10x_hd.o(.text))
<BR>[Address Reference Count : 1]<UL><LI> startup_gd32f10x_hd.o(RESET)
</UL>
<P><STRONG><a name="[29]"></a>I2C0_EV_IRQHandler</STRONG> (Thumb, 0 bytes, Stack size 0 bytes, startup_gd32f10x_hd.o(.text))
<BR>[Address Reference Count : 1]<UL><LI> startup_gd32f10x_hd.o(RESET)
</UL>
<P><STRONG><a name="[2c]"></a>I2C1_ER_IRQHandler</STRONG> (Thumb, 0 bytes, Stack size 0 bytes, startup_gd32f10x_hd.o(.text))
<BR>[Address Reference Count : 1]<UL><LI> startup_gd32f10x_hd.o(RESET)
</UL>
<P><STRONG><a name="[2b]"></a>I2C1_EV_IRQHandler</STRONG> (Thumb, 0 bytes, Stack size 0 bytes, startup_gd32f10x_hd.o(.text))
<BR>[Address Reference Count : 1]<UL><LI> startup_gd32f10x_hd.o(RESET)
</UL>
<P><STRONG><a name="[b]"></a>LVD_IRQHandler</STRONG> (Thumb, 0 bytes, Stack size 0 bytes, startup_gd32f10x_hd.o(.text))
<BR>[Address Reference Count : 1]<UL><LI> startup_gd32f10x_hd.o(RESET)
</UL>
<P><STRONG><a name="[f]"></a>RCU_IRQHandler</STRONG> (Thumb, 0 bytes, Stack size 0 bytes, startup_gd32f10x_hd.o(.text))
<BR>[Address Reference Count : 1]<UL><LI> startup_gd32f10x_hd.o(RESET)
</UL>
<P><STRONG><a name="[33]"></a>RTC_Alarm_IRQHandler</STRONG> (Thumb, 0 bytes, Stack size 0 bytes, startup_gd32f10x_hd.o(.text))
<BR>[Address Reference Count : 1]<UL><LI> startup_gd32f10x_hd.o(RESET)
</UL>
<P><STRONG><a name="[d]"></a>RTC_IRQHandler</STRONG> (Thumb, 0 bytes, Stack size 0 bytes, startup_gd32f10x_hd.o(.text))
<BR>[Address Reference Count : 1]<UL><LI> startup_gd32f10x_hd.o(RESET)
</UL>
<P><STRONG><a name="[3b]"></a>SDIO_IRQHandler</STRONG> (Thumb, 0 bytes, Stack size 0 bytes, startup_gd32f10x_hd.o(.text))
<BR>[Address Reference Count : 1]<UL><LI> startup_gd32f10x_hd.o(RESET)
</UL>
<P><STRONG><a name="[2d]"></a>SPI0_IRQHandler</STRONG> (Thumb, 0 bytes, Stack size 0 bytes, startup_gd32f10x_hd.o(.text))
<BR>[Address Reference Count : 1]<UL><LI> startup_gd32f10x_hd.o(RESET)
</UL>
<P><STRONG><a name="[2e]"></a>SPI1_IRQHandler</STRONG> (Thumb, 0 bytes, Stack size 0 bytes, startup_gd32f10x_hd.o(.text))
<BR>[Address Reference Count : 1]<UL><LI> startup_gd32f10x_hd.o(RESET)
</UL>
<P><STRONG><a name="[3d]"></a>SPI2_IRQHandler</STRONG> (Thumb, 0 bytes, Stack size 0 bytes, startup_gd32f10x_hd.o(.text))
<BR>[Address Reference Count : 1]<UL><LI> startup_gd32f10x_hd.o(RESET)
</UL>
<P><STRONG><a name="[c]"></a>TAMPER_IRQHandler</STRONG> (Thumb, 0 bytes, Stack size 0 bytes, startup_gd32f10x_hd.o(.text))
<BR>[Address Reference Count : 1]<UL><LI> startup_gd32f10x_hd.o(RESET)
</UL>
<P><STRONG><a name="[22]"></a>TIMER0_BRK_IRQHandler</STRONG> (Thumb, 0 bytes, Stack size 0 bytes, startup_gd32f10x_hd.o(.text))
<BR>[Address Reference Count : 1]<UL><LI> startup_gd32f10x_hd.o(RESET)
</UL>
<P><STRONG><a name="[25]"></a>TIMER0_Channel_IRQHandler</STRONG> (Thumb, 0 bytes, Stack size 0 bytes, startup_gd32f10x_hd.o(.text))
<BR>[Address Reference Count : 1]<UL><LI> startup_gd32f10x_hd.o(RESET)
</UL>
<P><STRONG><a name="[24]"></a>TIMER0_TRG_CMT_IRQHandler</STRONG> (Thumb, 0 bytes, Stack size 0 bytes, startup_gd32f10x_hd.o(.text))
<BR>[Address Reference Count : 1]<UL><LI> startup_gd32f10x_hd.o(RESET)
</UL>
<P><STRONG><a name="[23]"></a>TIMER0_UP_IRQHandler</STRONG> (Thumb, 0 bytes, Stack size 0 bytes, startup_gd32f10x_hd.o(.text))
<BR>[Address Reference Count : 1]<UL><LI> startup_gd32f10x_hd.o(RESET)
</UL>
<P><STRONG><a name="[28]"></a>TIMER3_IRQHandler</STRONG> (Thumb, 0 bytes, Stack size 0 bytes, startup_gd32f10x_hd.o(.text))
<BR>[Address Reference Count : 1]<UL><LI> startup_gd32f10x_hd.o(RESET)
</UL>
<P><STRONG><a name="[3c]"></a>TIMER4_IRQHandler</STRONG> (Thumb, 0 bytes, Stack size 0 bytes, startup_gd32f10x_hd.o(.text))
<BR>[Address Reference Count : 1]<UL><LI> startup_gd32f10x_hd.o(RESET)
</UL>
<P><STRONG><a name="[40]"></a>TIMER5_IRQHandler</STRONG> (Thumb, 0 bytes, Stack size 0 bytes, startup_gd32f10x_hd.o(.text))
<BR>[Address Reference Count : 1]<UL><LI> startup_gd32f10x_hd.o(RESET)
</UL>
<P><STRONG><a name="[41]"></a>TIMER6_IRQHandler</STRONG> (Thumb, 0 bytes, Stack size 0 bytes, startup_gd32f10x_hd.o(.text))
<BR>[Address Reference Count : 1]<UL><LI> startup_gd32f10x_hd.o(RESET)
</UL>
<P><STRONG><a name="[35]"></a>TIMER7_BRK_IRQHandler</STRONG> (Thumb, 0 bytes, Stack size 0 bytes, startup_gd32f10x_hd.o(.text))
<BR>[Address Reference Count : 1]<UL><LI> startup_gd32f10x_hd.o(RESET)
</UL>
<P><STRONG><a name="[38]"></a>TIMER7_Channel_IRQHandler</STRONG> (Thumb, 0 bytes, Stack size 0 bytes, startup_gd32f10x_hd.o(.text))
<BR>[Address Reference Count : 1]<UL><LI> startup_gd32f10x_hd.o(RESET)
</UL>
<P><STRONG><a name="[37]"></a>TIMER7_TRG_CMT_IRQHandler</STRONG> (Thumb, 0 bytes, Stack size 0 bytes, startup_gd32f10x_hd.o(.text))
<BR>[Address Reference Count : 1]<UL><LI> startup_gd32f10x_hd.o(RESET)
</UL>
<P><STRONG><a name="[36]"></a>TIMER7_UP_IRQHandler</STRONG> (Thumb, 0 bytes, Stack size 0 bytes, startup_gd32f10x_hd.o(.text))
<BR>[Address Reference Count : 1]<UL><LI> startup_gd32f10x_hd.o(RESET)
</UL>
<P><STRONG><a name="[1d]"></a>USBD_HP_CAN0_TX_IRQHandler</STRONG> (Thumb, 0 bytes, Stack size 0 bytes, startup_gd32f10x_hd.o(.text))
<BR>[Address Reference Count : 1]<UL><LI> startup_gd32f10x_hd.o(RESET)
</UL>
<P><STRONG><a name="[34]"></a>USBD_WKUP_IRQHandler</STRONG> (Thumb, 0 bytes, Stack size 0 bytes, startup_gd32f10x_hd.o(.text))
<BR>[Address Reference Count : 1]<UL><LI> startup_gd32f10x_hd.o(RESET)
</UL>
<P><STRONG><a name="[a]"></a>WWDGT_IRQHandler</STRONG> (Thumb, 0 bytes, Stack size 0 bytes, startup_gd32f10x_hd.o(.text))
<BR>[Address Reference Count : 1]<UL><LI> startup_gd32f10x_hd.o(RESET)
</UL>
<P><STRONG><a name="[bb]"></a>__aeabi_memcpy</STRONG> (Thumb, 36 bytes, Stack size 0 bytes, memcpya.o(.text))
<BR><BR>[Called By]<UL><LI><a href="#[15b]">&gt;&gt;</a>&nbsp;&nbsp;&nbsp;PKeybordProc
<LI><a href="#[12d]">&gt;&gt;</a>&nbsp;&nbsp;&nbsp;GpsProc
<LI><a href="#[103]">&gt;&gt;</a>&nbsp;&nbsp;&nbsp;EEpInit
<LI><a href="#[e5]">&gt;&gt;</a>&nbsp;&nbsp;&nbsp;BleCmdProc
<LI><a href="#[fa]">&gt;&gt;</a>&nbsp;&nbsp;&nbsp;CanMcuParse
<LI><a href="#[f0]">&gt;&gt;</a>&nbsp;&nbsp;&nbsp;CanBmsParse
<LI><a href="#[129]">&gt;&gt;</a>&nbsp;&nbsp;&nbsp;GattSetVersion
<LI><a href="#[124]">&gt;&gt;</a>&nbsp;&nbsp;&nbsp;GattSetPpid
<LI><a href="#[120]">&gt;&gt;</a>&nbsp;&nbsp;&nbsp;GattSetOpid
<LI><a href="#[11e]">&gt;&gt;</a>&nbsp;&nbsp;&nbsp;GattSetHashTop
<LI><a href="#[b4]">&gt;&gt;</a>&nbsp;&nbsp;&nbsp;GattGetData
<LI><a href="#[eb]">&gt;&gt;</a>&nbsp;&nbsp;&nbsp;BlePacktSend
<LI><a href="#[e7]">&gt;&gt;</a>&nbsp;&nbsp;&nbsp;BlePacktParse
<LI><a href="#[e8]">&gt;&gt;</a>&nbsp;&nbsp;&nbsp;BleDataReprot
<LI><a href="#[d4]">&gt;&gt;</a>&nbsp;&nbsp;&nbsp;OtaParse
<LI><a href="#[dd]">&gt;&gt;</a>&nbsp;&nbsp;&nbsp;GattSetUplinkData
<LI><a href="#[d2]">&gt;&gt;</a>&nbsp;&nbsp;&nbsp;GattSetGpsCordLon
<LI><a href="#[d1]">&gt;&gt;</a>&nbsp;&nbsp;&nbsp;GattSetGpsCordLat
<LI><a href="#[e1]">&gt;&gt;</a>&nbsp;&nbsp;&nbsp;GattSetData
<LI><a href="#[d7]">&gt;&gt;</a>&nbsp;&nbsp;&nbsp;GattSetCmdUplinkData
<LI><a href="#[d6]">&gt;&gt;</a>&nbsp;&nbsp;&nbsp;AtSetTopicId
<LI><a href="#[c1]">&gt;&gt;</a>&nbsp;&nbsp;&nbsp;AtSetSubscribeId
<LI><a href="#[70]">&gt;&gt;</a>&nbsp;&nbsp;&nbsp;AtCmdTransFrqParse
<LI><a href="#[72]">&gt;&gt;</a>&nbsp;&nbsp;&nbsp;AtCmdPortParse
<LI><a href="#[75]">&gt;&gt;</a>&nbsp;&nbsp;&nbsp;AtCmdPhoneNoParse
<LI><a href="#[c9]">&gt;&gt;</a>&nbsp;&nbsp;&nbsp;AtCmdPaser
<LI><a href="#[73]">&gt;&gt;</a>&nbsp;&nbsp;&nbsp;AtCmdMqttUsrNameParse
<LI><a href="#[74]">&gt;&gt;</a>&nbsp;&nbsp;&nbsp;AtCmdMqttPswdParse
<LI><a href="#[6f]">&gt;&gt;</a>&nbsp;&nbsp;&nbsp;AtCmdMeansFrqParse
<LI><a href="#[71]">&gt;&gt;</a>&nbsp;&nbsp;&nbsp;AtCmdBrokerParse
<LI><a href="#[6c]">&gt;&gt;</a>&nbsp;&nbsp;&nbsp;AtCmdApnUserParse
<LI><a href="#[6d]">&gt;&gt;</a>&nbsp;&nbsp;&nbsp;AtCmdApnPswdParse
<LI><a href="#[6b]">&gt;&gt;</a>&nbsp;&nbsp;&nbsp;AtCmdApnParse
<LI><a href="#[160]">&gt;&gt;</a>&nbsp;&nbsp;&nbsp;Process_cmd_all
<LI><a href="#[159]">&gt;&gt;</a>&nbsp;&nbsp;&nbsp;OtaAckPublishPayload
<LI><a href="#[1ed]">&gt;&gt;</a>&nbsp;&nbsp;&nbsp;sha1_update
<LI><a href="#[13e]">&gt;&gt;</a>&nbsp;&nbsp;&nbsp;Hash_Opration
<LI><a href="#[fd]">&gt;&gt;</a>&nbsp;&nbsp;&nbsp;CanTransmit
</UL>

<P><STRONG><a name="[db]"></a>__aeabi_memcpy4</STRONG> (Thumb, 0 bytes, Stack size 0 bytes, memcpya.o(.text))
<BR><BR>[Called By]<UL><LI><a href="#[161]">&gt;&gt;</a>&nbsp;&nbsp;&nbsp;PaygInit
<LI><a href="#[15b]">&gt;&gt;</a>&nbsp;&nbsp;&nbsp;PKeybordProc
<LI><a href="#[104]">&gt;&gt;</a>&nbsp;&nbsp;&nbsp;EEpProcess
<LI><a href="#[103]">&gt;&gt;</a>&nbsp;&nbsp;&nbsp;EEpInit
<LI><a href="#[c9]">&gt;&gt;</a>&nbsp;&nbsp;&nbsp;AtCmdPaser
</UL>

<P><STRONG><a name="[20c]"></a>__aeabi_memcpy8</STRONG> (Thumb, 0 bytes, Stack size 0 bytes, memcpya.o(.text), UNUSED)

<P><STRONG><a name="[87]"></a>__aeabi_memset</STRONG> (Thumb, 14 bytes, Stack size 0 bytes, memseta.o(.text))
<BR><BR>[Called By]<UL><LI><a href="#[11c]">&gt;&gt;</a>&nbsp;&nbsp;&nbsp;GattInit
<LI><a href="#[1dd]">&gt;&gt;</a>&nbsp;&nbsp;&nbsp;prvInitialiseNewTask
<LI><a href="#[88]">&gt;&gt;</a>&nbsp;&nbsp;&nbsp;memset
<LI><a href="#[86]">&gt;&gt;</a>&nbsp;&nbsp;&nbsp;__aeabi_memclr
</UL>

<P><STRONG><a name="[20d]"></a>__aeabi_memset4</STRONG> (Thumb, 0 bytes, Stack size 0 bytes, memseta.o(.text), UNUSED)

<P><STRONG><a name="[20e]"></a>__aeabi_memset8</STRONG> (Thumb, 0 bytes, Stack size 0 bytes, memseta.o(.text), UNUSED)

<P><STRONG><a name="[86]"></a>__aeabi_memclr</STRONG> (Thumb, 4 bytes, Stack size 0 bytes, memseta.o(.text))
<BR><BR>[Calls]<UL><LI><a href="#[87]">&gt;&gt;</a>&nbsp;&nbsp;&nbsp;__aeabi_memset
</UL>
<BR>[Called By]<UL><LI><a href="#[15b]">&gt;&gt;</a>&nbsp;&nbsp;&nbsp;PKeybordProc
<LI><a href="#[12d]">&gt;&gt;</a>&nbsp;&nbsp;&nbsp;GpsProc
<LI><a href="#[11c]">&gt;&gt;</a>&nbsp;&nbsp;&nbsp;GattInit
<LI><a href="#[103]">&gt;&gt;</a>&nbsp;&nbsp;&nbsp;EEpInit
<LI><a href="#[e5]">&gt;&gt;</a>&nbsp;&nbsp;&nbsp;BleCmdProc
<LI><a href="#[e3]">&gt;&gt;</a>&nbsp;&nbsp;&nbsp;Base64Init
<LI><a href="#[eb]">&gt;&gt;</a>&nbsp;&nbsp;&nbsp;BlePacktSend
<LI><a href="#[d8]">&gt;&gt;</a>&nbsp;&nbsp;&nbsp;GattSingleFieldMerge
<LI><a href="#[dd]">&gt;&gt;</a>&nbsp;&nbsp;&nbsp;GattSetUplinkData
<LI><a href="#[d7]">&gt;&gt;</a>&nbsp;&nbsp;&nbsp;GattSetCmdUplinkData
<LI><a href="#[c3]">&gt;&gt;</a>&nbsp;&nbsp;&nbsp;GattMultiFieldMerge
<LI><a href="#[d9]">&gt;&gt;</a>&nbsp;&nbsp;&nbsp;GattDtTypeFieldJsonMerge
<LI><a href="#[c2]">&gt;&gt;</a>&nbsp;&nbsp;&nbsp;GattAllFieldJsonMerge
<LI><a href="#[c4]">&gt;&gt;</a>&nbsp;&nbsp;&nbsp;GattAbacFieldMerge
<LI><a href="#[d6]">&gt;&gt;</a>&nbsp;&nbsp;&nbsp;AtSetTopicId
<LI><a href="#[c1]">&gt;&gt;</a>&nbsp;&nbsp;&nbsp;AtSetSubscribeId
<LI><a href="#[c9]">&gt;&gt;</a>&nbsp;&nbsp;&nbsp;AtCmdPaser
<LI><a href="#[73]">&gt;&gt;</a>&nbsp;&nbsp;&nbsp;AtCmdMqttUsrNameParse
<LI><a href="#[74]">&gt;&gt;</a>&nbsp;&nbsp;&nbsp;AtCmdMqttPswdParse
<LI><a href="#[c8]">&gt;&gt;</a>&nbsp;&nbsp;&nbsp;AtCmdMerge
<LI><a href="#[c6]">&gt;&gt;</a>&nbsp;&nbsp;&nbsp;AtCmdInit
<LI><a href="#[55]">&gt;&gt;</a>&nbsp;&nbsp;&nbsp;AtCmdCmgsSend
<LI><a href="#[56]">&gt;&gt;</a>&nbsp;&nbsp;&nbsp;AtCmdCmgsSMSSend
<LI><a href="#[160]">&gt;&gt;</a>&nbsp;&nbsp;&nbsp;Process_cmd_all
<LI><a href="#[159]">&gt;&gt;</a>&nbsp;&nbsp;&nbsp;OtaAckPublishPayload
<LI><a href="#[16e]">&gt;&gt;</a>&nbsp;&nbsp;&nbsp;PumpSend
<LI><a href="#[13e]">&gt;&gt;</a>&nbsp;&nbsp;&nbsp;Hash_Opration
</UL>

<P><STRONG><a name="[ab]"></a>__aeabi_memclr4</STRONG> (Thumb, 0 bytes, Stack size 0 bytes, memseta.o(.text))
<BR><BR>[Called By]<UL><LI><a href="#[1c7]">&gt;&gt;</a>&nbsp;&nbsp;&nbsp;xTaskCreate
<LI><a href="#[15b]">&gt;&gt;</a>&nbsp;&nbsp;&nbsp;PKeybordProc
<LI><a href="#[15a]">&gt;&gt;</a>&nbsp;&nbsp;&nbsp;OtaInit
<LI><a href="#[12d]">&gt;&gt;</a>&nbsp;&nbsp;&nbsp;GpsProc
<LI><a href="#[103]">&gt;&gt;</a>&nbsp;&nbsp;&nbsp;EEpInit
<LI><a href="#[ff]">&gt;&gt;</a>&nbsp;&nbsp;&nbsp;CanRamInit
<LI><a href="#[e5]">&gt;&gt;</a>&nbsp;&nbsp;&nbsp;BleCmdProc
<LI><a href="#[ae]">&gt;&gt;</a>&nbsp;&nbsp;&nbsp;AbacusLederProc
<LI><a href="#[aa]">&gt;&gt;</a>&nbsp;&nbsp;&nbsp;AbacusLederInit
<LI><a href="#[e8]">&gt;&gt;</a>&nbsp;&nbsp;&nbsp;BleDataReprot
<LI><a href="#[d4]">&gt;&gt;</a>&nbsp;&nbsp;&nbsp;OtaParse
<LI><a href="#[d8]">&gt;&gt;</a>&nbsp;&nbsp;&nbsp;GattSingleFieldMerge
<LI><a href="#[c3]">&gt;&gt;</a>&nbsp;&nbsp;&nbsp;GattMultiFieldMerge
<LI><a href="#[d9]">&gt;&gt;</a>&nbsp;&nbsp;&nbsp;GattDtTypeFieldJsonMerge
<LI><a href="#[c4]">&gt;&gt;</a>&nbsp;&nbsp;&nbsp;GattAbacFieldMerge
<LI><a href="#[6e]">&gt;&gt;</a>&nbsp;&nbsp;&nbsp;AtCmdTokenParse
<LI><a href="#[c9]">&gt;&gt;</a>&nbsp;&nbsp;&nbsp;AtCmdPaser
<LI><a href="#[69]">&gt;&gt;</a>&nbsp;&nbsp;&nbsp;AtCmdMqttUnSubSend
<LI><a href="#[60]">&gt;&gt;</a>&nbsp;&nbsp;&nbsp;AtCmdMqttTopicSend
<LI><a href="#[67]">&gt;&gt;</a>&nbsp;&nbsp;&nbsp;AtCmdMqttSubtopicSend
<LI><a href="#[65]">&gt;&gt;</a>&nbsp;&nbsp;&nbsp;AtCmdMqttSubSend
<LI><a href="#[64]">&gt;&gt;</a>&nbsp;&nbsp;&nbsp;AtCmdMqttPubSend
<LI><a href="#[62]">&gt;&gt;</a>&nbsp;&nbsp;&nbsp;AtCmdMqttPayloadSend
<LI><a href="#[5f]">&gt;&gt;</a>&nbsp;&nbsp;&nbsp;AtCmdMqttConnectSend
<LI><a href="#[5e]">&gt;&gt;</a>&nbsp;&nbsp;&nbsp;AtCmdMqttAccqSend
<LI><a href="#[54]">&gt;&gt;</a>&nbsp;&nbsp;&nbsp;AtCmdCmgrSend
<LI><a href="#[5c]">&gt;&gt;</a>&nbsp;&nbsp;&nbsp;AtCmdCgdcontSend
<LI><a href="#[5d]">&gt;&gt;</a>&nbsp;&nbsp;&nbsp;AtCmdCgactSend
<LI><a href="#[71]">&gt;&gt;</a>&nbsp;&nbsp;&nbsp;AtCmdBrokerParse
<LI><a href="#[6b]">&gt;&gt;</a>&nbsp;&nbsp;&nbsp;AtCmdApnParse
<LI><a href="#[160]">&gt;&gt;</a>&nbsp;&nbsp;&nbsp;Process_cmd_all
<LI><a href="#[1fe]">&gt;&gt;</a>&nbsp;&nbsp;&nbsp;xTaskCreateStatic
</UL>

<P><STRONG><a name="[20f]"></a>__aeabi_memclr8</STRONG> (Thumb, 0 bytes, Stack size 0 bytes, memseta.o(.text), UNUSED)

<P><STRONG><a name="[88]"></a>memset</STRONG> (Thumb, 18 bytes, Stack size 8 bytes, memseta.o(.text), UNUSED)
<BR><BR>[Calls]<UL><LI><a href="#[87]">&gt;&gt;</a>&nbsp;&nbsp;&nbsp;__aeabi_memset
</UL>

<P><STRONG><a name="[b3]"></a>strstr</STRONG> (Thumb, 36 bytes, Stack size 12 bytes, strstr.o(.text))
<BR><BR>[Stack]<UL><LI>Max Depth = 12<LI>Call Chain = strstr
</UL>
<BR>[Called By]<UL><LI><a href="#[15b]">&gt;&gt;</a>&nbsp;&nbsp;&nbsp;PKeybordProc
<LI><a href="#[ae]">&gt;&gt;</a>&nbsp;&nbsp;&nbsp;AbacusLederProc
<LI><a href="#[d4]">&gt;&gt;</a>&nbsp;&nbsp;&nbsp;OtaParse
<LI><a href="#[d8]">&gt;&gt;</a>&nbsp;&nbsp;&nbsp;GattSingleFieldMerge
<LI><a href="#[c3]">&gt;&gt;</a>&nbsp;&nbsp;&nbsp;GattMultiFieldMerge
<LI><a href="#[6e]">&gt;&gt;</a>&nbsp;&nbsp;&nbsp;AtCmdTokenParse
<LI><a href="#[c9]">&gt;&gt;</a>&nbsp;&nbsp;&nbsp;AtCmdPaser
</UL>

<P><STRONG><a name="[b9]"></a>strlen</STRONG> (Thumb, 14 bytes, Stack size 0 bytes, strlen.o(.text))
<BR><BR>[Called By]<UL><LI><a href="#[181]">&gt;&gt;</a>&nbsp;&nbsp;&nbsp;vTaskList
<LI><a href="#[17f]">&gt;&gt;</a>&nbsp;&nbsp;&nbsp;vTaskGetRunTimeStats
<LI><a href="#[15b]">&gt;&gt;</a>&nbsp;&nbsp;&nbsp;PKeybordProc
<LI><a href="#[12d]">&gt;&gt;</a>&nbsp;&nbsp;&nbsp;GpsProc
<LI><a href="#[ef]">&gt;&gt;</a>&nbsp;&nbsp;&nbsp;CampInsert
<LI><a href="#[b4]">&gt;&gt;</a>&nbsp;&nbsp;&nbsp;GattGetData
<LI><a href="#[d8]">&gt;&gt;</a>&nbsp;&nbsp;&nbsp;GattSingleFieldMerge
<LI><a href="#[dd]">&gt;&gt;</a>&nbsp;&nbsp;&nbsp;GattSetUplinkData
<LI><a href="#[d2]">&gt;&gt;</a>&nbsp;&nbsp;&nbsp;GattSetGpsCordLon
<LI><a href="#[d1]">&gt;&gt;</a>&nbsp;&nbsp;&nbsp;GattSetGpsCordLat
<LI><a href="#[e1]">&gt;&gt;</a>&nbsp;&nbsp;&nbsp;GattSetData
<LI><a href="#[d7]">&gt;&gt;</a>&nbsp;&nbsp;&nbsp;GattSetCmdUplinkData
<LI><a href="#[c3]">&gt;&gt;</a>&nbsp;&nbsp;&nbsp;GattMultiFieldMerge
<LI><a href="#[d9]">&gt;&gt;</a>&nbsp;&nbsp;&nbsp;GattDtTypeFieldJsonMerge
<LI><a href="#[c2]">&gt;&gt;</a>&nbsp;&nbsp;&nbsp;GattAllFieldJsonMerge
<LI><a href="#[c4]">&gt;&gt;</a>&nbsp;&nbsp;&nbsp;GattAbacFieldMerge
<LI><a href="#[df]">&gt;&gt;</a>&nbsp;&nbsp;&nbsp;AtouI
<LI><a href="#[ce]">&gt;&gt;</a>&nbsp;&nbsp;&nbsp;AtStrStr
<LI><a href="#[d6]">&gt;&gt;</a>&nbsp;&nbsp;&nbsp;AtSetTopicId
<LI><a href="#[c1]">&gt;&gt;</a>&nbsp;&nbsp;&nbsp;AtSetSubscribeId
<LI><a href="#[70]">&gt;&gt;</a>&nbsp;&nbsp;&nbsp;AtCmdTransFrqParse
<LI><a href="#[6e]">&gt;&gt;</a>&nbsp;&nbsp;&nbsp;AtCmdTokenParse
<LI><a href="#[53]">&gt;&gt;</a>&nbsp;&nbsp;&nbsp;AtCmdSend
<LI><a href="#[72]">&gt;&gt;</a>&nbsp;&nbsp;&nbsp;AtCmdPortParse
<LI><a href="#[75]">&gt;&gt;</a>&nbsp;&nbsp;&nbsp;AtCmdPhoneNoParse
<LI><a href="#[c9]">&gt;&gt;</a>&nbsp;&nbsp;&nbsp;AtCmdPaser
<LI><a href="#[73]">&gt;&gt;</a>&nbsp;&nbsp;&nbsp;AtCmdMqttUsrNameParse
<LI><a href="#[69]">&gt;&gt;</a>&nbsp;&nbsp;&nbsp;AtCmdMqttUnSubSend
<LI><a href="#[60]">&gt;&gt;</a>&nbsp;&nbsp;&nbsp;AtCmdMqttTopicSend
<LI><a href="#[67]">&gt;&gt;</a>&nbsp;&nbsp;&nbsp;AtCmdMqttSubtopicSend
<LI><a href="#[65]">&gt;&gt;</a>&nbsp;&nbsp;&nbsp;AtCmdMqttSubSend
<LI><a href="#[74]">&gt;&gt;</a>&nbsp;&nbsp;&nbsp;AtCmdMqttPswdParse
<LI><a href="#[62]">&gt;&gt;</a>&nbsp;&nbsp;&nbsp;AtCmdMqttPayloadSend
<LI><a href="#[5f]">&gt;&gt;</a>&nbsp;&nbsp;&nbsp;AtCmdMqttConnectSend
<LI><a href="#[6f]">&gt;&gt;</a>&nbsp;&nbsp;&nbsp;AtCmdMeansFrqParse
<LI><a href="#[58]">&gt;&gt;</a>&nbsp;&nbsp;&nbsp;AtCmdCsttSend
<LI><a href="#[56]">&gt;&gt;</a>&nbsp;&nbsp;&nbsp;AtCmdCmgsSMSSend
<LI><a href="#[59]">&gt;&gt;</a>&nbsp;&nbsp;&nbsp;AtCmdCipStart
<LI><a href="#[5a]">&gt;&gt;</a>&nbsp;&nbsp;&nbsp;AtCmdCipSend
<LI><a href="#[71]">&gt;&gt;</a>&nbsp;&nbsp;&nbsp;AtCmdBrokerParse
<LI><a href="#[6c]">&gt;&gt;</a>&nbsp;&nbsp;&nbsp;AtCmdApnUserParse
<LI><a href="#[6d]">&gt;&gt;</a>&nbsp;&nbsp;&nbsp;AtCmdApnPswdParse
<LI><a href="#[6b]">&gt;&gt;</a>&nbsp;&nbsp;&nbsp;AtCmdApnParse
<LI><a href="#[130]">&gt;&gt;</a>&nbsp;&nbsp;&nbsp;mStrStr
<LI><a href="#[12a]">&gt;&gt;</a>&nbsp;&nbsp;&nbsp;GetAsciiValueLen
<LI><a href="#[159]">&gt;&gt;</a>&nbsp;&nbsp;&nbsp;OtaAckPublishPayload
<LI><a href="#[e2]">&gt;&gt;</a>&nbsp;&nbsp;&nbsp;Base64Decode
<LI><a href="#[13e]">&gt;&gt;</a>&nbsp;&nbsp;&nbsp;Hash_Opration
<LI><a href="#[1e3]">&gt;&gt;</a>&nbsp;&nbsp;&nbsp;prvWriteNameToBuffer
</UL>

<P><STRONG><a name="[11d]"></a>strcmp</STRONG> (Thumb, 28 bytes, Stack size 8 bytes, strcmp.o(.text))
<BR><BR>[Stack]<UL><LI>Max Depth = 8<LI>Call Chain = strcmp
</UL>
<BR>[Called By]<UL><LI><a href="#[e1]">&gt;&gt;</a>&nbsp;&nbsp;&nbsp;GattSetData
</UL>

<P><STRONG><a name="[1e4]"></a>strcpy</STRONG> (Thumb, 18 bytes, Stack size 0 bytes, strcpy.o(.text))
<BR><BR>[Called By]<UL><LI><a href="#[1e3]">&gt;&gt;</a>&nbsp;&nbsp;&nbsp;prvWriteNameToBuffer
</UL>

<P><STRONG><a name="[89]"></a>atoi</STRONG> (Thumb, 26 bytes, Stack size 16 bytes, atoi.o(.text))
<BR><BR>[Stack]<UL><LI>Max Depth = 88<LI>Call Chain = atoi &rArr; strtol &rArr; _strtoul
</UL>
<BR>[Calls]<UL><LI><a href="#[8b]">&gt;&gt;</a>&nbsp;&nbsp;&nbsp;strtol
<LI><a href="#[8a]">&gt;&gt;</a>&nbsp;&nbsp;&nbsp;__aeabi_errno_addr
</UL>
<BR>[Called By]<UL><LI><a href="#[12d]">&gt;&gt;</a>&nbsp;&nbsp;&nbsp;GpsProc
<LI><a href="#[c9]">&gt;&gt;</a>&nbsp;&nbsp;&nbsp;AtCmdPaser
</UL>

<P><STRONG><a name="[8c]"></a>atol</STRONG> (Thumb, 26 bytes, Stack size 16 bytes, atol.o(.text))
<BR><BR>[Stack]<UL><LI>Max Depth = 88<LI>Call Chain = atol &rArr; strtol &rArr; _strtoul
</UL>
<BR>[Calls]<UL><LI><a href="#[8b]">&gt;&gt;</a>&nbsp;&nbsp;&nbsp;strtol
<LI><a href="#[8a]">&gt;&gt;</a>&nbsp;&nbsp;&nbsp;__aeabi_errno_addr
</UL>
<BR>[Called By]<UL><LI><a href="#[d4]">&gt;&gt;</a>&nbsp;&nbsp;&nbsp;OtaParse
</UL>

<P><STRONG><a name="[8d]"></a>__aeabi_dadd</STRONG> (Thumb, 322 bytes, Stack size 48 bytes, dadd.o(.text))
<BR><BR>[Stack]<UL><LI>Max Depth = 88<LI>Call Chain = __aeabi_dadd &rArr; _double_epilogue &rArr; _double_round
</UL>
<BR>[Calls]<UL><LI><a href="#[8f]">&gt;&gt;</a>&nbsp;&nbsp;&nbsp;__aeabi_lasr
<LI><a href="#[8e]">&gt;&gt;</a>&nbsp;&nbsp;&nbsp;__aeabi_llsl
<LI><a href="#[91]">&gt;&gt;</a>&nbsp;&nbsp;&nbsp;_double_round
<LI><a href="#[90]">&gt;&gt;</a>&nbsp;&nbsp;&nbsp;_double_epilogue
</UL>
<BR>[Called By]<UL><LI><a href="#[93]">&gt;&gt;</a>&nbsp;&nbsp;&nbsp;__aeabi_drsub
<LI><a href="#[132]">&gt;&gt;</a>&nbsp;&nbsp;&nbsp;convertDDMMtoDD
<LI><a href="#[131]">&gt;&gt;</a>&nbsp;&nbsp;&nbsp;StrToDouble
<LI><a href="#[92]">&gt;&gt;</a>&nbsp;&nbsp;&nbsp;__aeabi_dsub
<LI><a href="#[1ac]">&gt;&gt;</a>&nbsp;&nbsp;&nbsp;_fp_digits
</UL>

<P><STRONG><a name="[92]"></a>__aeabi_dsub</STRONG> (Thumb, 6 bytes, Stack size 0 bytes, dadd.o(.text), UNUSED)
<BR><BR>[Calls]<UL><LI><a href="#[8d]">&gt;&gt;</a>&nbsp;&nbsp;&nbsp;__aeabi_dadd
</UL>

<P><STRONG><a name="[93]"></a>__aeabi_drsub</STRONG> (Thumb, 6 bytes, Stack size 0 bytes, dadd.o(.text))
<BR><BR>[Stack]<UL><LI>Max Depth = 88<LI>Call Chain = __aeabi_drsub &rArr; __aeabi_dadd &rArr; _double_epilogue &rArr; _double_round
</UL>
<BR>[Calls]<UL><LI><a href="#[8d]">&gt;&gt;</a>&nbsp;&nbsp;&nbsp;__aeabi_dadd
</UL>
<BR>[Called By]<UL><LI><a href="#[132]">&gt;&gt;</a>&nbsp;&nbsp;&nbsp;convertDDMMtoDD
</UL>

<P><STRONG><a name="[94]"></a>__aeabi_dmul</STRONG> (Thumb, 228 bytes, Stack size 48 bytes, dmul.o(.text))
<BR><BR>[Stack]<UL><LI>Max Depth = 88<LI>Call Chain = __aeabi_dmul &rArr; _double_epilogue &rArr; _double_round
</UL>
<BR>[Calls]<UL><LI><a href="#[90]">&gt;&gt;</a>&nbsp;&nbsp;&nbsp;_double_epilogue
</UL>
<BR>[Called By]<UL><LI><a href="#[fb]">&gt;&gt;</a>&nbsp;&nbsp;&nbsp;CanProc
<LI><a href="#[a5]">&gt;&gt;</a>&nbsp;&nbsp;&nbsp;_fp_value
<LI><a href="#[1ac]">&gt;&gt;</a>&nbsp;&nbsp;&nbsp;_fp_digits
</UL>

<P><STRONG><a name="[95]"></a>__aeabi_ddiv</STRONG> (Thumb, 222 bytes, Stack size 32 bytes, ddiv.o(.text))
<BR><BR>[Stack]<UL><LI>Max Depth = 40<LI>Call Chain = __aeabi_ddiv &rArr; _double_round
</UL>
<BR>[Calls]<UL><LI><a href="#[91]">&gt;&gt;</a>&nbsp;&nbsp;&nbsp;_double_round
</UL>
<BR>[Called By]<UL><LI><a href="#[132]">&gt;&gt;</a>&nbsp;&nbsp;&nbsp;convertDDMMtoDD
<LI><a href="#[131]">&gt;&gt;</a>&nbsp;&nbsp;&nbsp;StrToDouble
<LI><a href="#[a5]">&gt;&gt;</a>&nbsp;&nbsp;&nbsp;_fp_value
<LI><a href="#[1ac]">&gt;&gt;</a>&nbsp;&nbsp;&nbsp;_fp_digits
</UL>

<P><STRONG><a name="[96]"></a>__aeabi_i2d</STRONG> (Thumb, 34 bytes, Stack size 16 bytes, dflti.o(.text))
<BR><BR>[Stack]<UL><LI>Max Depth = 56<LI>Call Chain = __aeabi_i2d &rArr; _double_epilogue &rArr; _double_round
</UL>
<BR>[Calls]<UL><LI><a href="#[90]">&gt;&gt;</a>&nbsp;&nbsp;&nbsp;_double_epilogue
</UL>
<BR>[Called By]<UL><LI><a href="#[132]">&gt;&gt;</a>&nbsp;&nbsp;&nbsp;convertDDMMtoDD
</UL>

<P><STRONG><a name="[97]"></a>__aeabi_ui2d</STRONG> (Thumb, 26 bytes, Stack size 16 bytes, dfltui.o(.text))
<BR><BR>[Stack]<UL><LI>Max Depth = 56<LI>Call Chain = __aeabi_ui2d &rArr; _double_epilogue &rArr; _double_round
</UL>
<BR>[Calls]<UL><LI><a href="#[90]">&gt;&gt;</a>&nbsp;&nbsp;&nbsp;_double_epilogue
</UL>
<BR>[Called By]<UL><LI><a href="#[fb]">&gt;&gt;</a>&nbsp;&nbsp;&nbsp;CanProc
<LI><a href="#[131]">&gt;&gt;</a>&nbsp;&nbsp;&nbsp;StrToDouble
</UL>

<P><STRONG><a name="[98]"></a>__aeabi_d2iz</STRONG> (Thumb, 62 bytes, Stack size 16 bytes, dfixi.o(.text))
<BR><BR>[Stack]<UL><LI>Max Depth = 16<LI>Call Chain = __aeabi_d2iz
</UL>
<BR>[Calls]<UL><LI><a href="#[99]">&gt;&gt;</a>&nbsp;&nbsp;&nbsp;__aeabi_llsr
</UL>
<BR>[Called By]<UL><LI><a href="#[132]">&gt;&gt;</a>&nbsp;&nbsp;&nbsp;convertDDMMtoDD
</UL>

<P><STRONG><a name="[9a]"></a>__aeabi_d2uiz</STRONG> (Thumb, 50 bytes, Stack size 8 bytes, dfixui.o(.text))
<BR><BR>[Stack]<UL><LI>Max Depth = 8<LI>Call Chain = __aeabi_d2uiz
</UL>
<BR>[Calls]<UL><LI><a href="#[99]">&gt;&gt;</a>&nbsp;&nbsp;&nbsp;__aeabi_llsr
</UL>
<BR>[Called By]<UL><LI><a href="#[fb]">&gt;&gt;</a>&nbsp;&nbsp;&nbsp;CanProc
</UL>

<P><STRONG><a name="[d0]"></a>__aeabi_f2d</STRONG> (Thumb, 38 bytes, Stack size 0 bytes, f2d.o(.text))
<BR><BR>[Called By]<UL><LI><a href="#[c9]">&gt;&gt;</a>&nbsp;&nbsp;&nbsp;AtCmdPaser
</UL>

<P><STRONG><a name="[133]"></a>__aeabi_cdcmpeq</STRONG> (Thumb, 0 bytes, Stack size 0 bytes, cdcmple.o(.text))
<BR><BR>[Called By]<UL><LI><a href="#[12d]">&gt;&gt;</a>&nbsp;&nbsp;&nbsp;GpsProc
</UL>

<P><STRONG><a name="[210]"></a>__aeabi_cdcmple</STRONG> (Thumb, 48 bytes, Stack size 0 bytes, cdcmple.o(.text), UNUSED)

<P><STRONG><a name="[9b]"></a>__aeabi_d2f</STRONG> (Thumb, 56 bytes, Stack size 8 bytes, d2f.o(.text))
<BR><BR>[Stack]<UL><LI>Max Depth = 8<LI>Call Chain = __aeabi_d2f
</UL>
<BR>[Calls]<UL><LI><a href="#[9c]">&gt;&gt;</a>&nbsp;&nbsp;&nbsp;_float_round
</UL>
<BR>[Called By]<UL><LI><a href="#[c9]">&gt;&gt;</a>&nbsp;&nbsp;&nbsp;AtCmdPaser
<LI><a href="#[a7]">&gt;&gt;</a>&nbsp;&nbsp;&nbsp;_scanf_really_real
</UL>

<P><STRONG><a name="[211]"></a>__aeabi_uidiv</STRONG> (Thumb, 0 bytes, Stack size 12 bytes, uidiv.o(.text), UNUSED)

<P><STRONG><a name="[1b0]"></a>__aeabi_uidivmod</STRONG> (Thumb, 44 bytes, Stack size 12 bytes, uidiv.o(.text), UNUSED)
<BR><BR>[Called By]<UL><LI><a href="#[1aa]">&gt;&gt;</a>&nbsp;&nbsp;&nbsp;_printf_core
</UL>

<P><STRONG><a name="[9d]"></a>__aeabi_uldivmod</STRONG> (Thumb, 98 bytes, Stack size 40 bytes, uldiv.o(.text), UNUSED)
<BR><BR>[Calls]<UL><LI><a href="#[99]">&gt;&gt;</a>&nbsp;&nbsp;&nbsp;__aeabi_llsr
<LI><a href="#[8e]">&gt;&gt;</a>&nbsp;&nbsp;&nbsp;__aeabi_llsl
</UL>
<BR>[Called By]<UL><LI><a href="#[1aa]">&gt;&gt;</a>&nbsp;&nbsp;&nbsp;_printf_core
<LI><a href="#[1ac]">&gt;&gt;</a>&nbsp;&nbsp;&nbsp;_fp_digits
</UL>

<P><STRONG><a name="[8e]"></a>__aeabi_llsl</STRONG> (Thumb, 30 bytes, Stack size 0 bytes, llshl.o(.text))
<BR><BR>[Called By]<UL><LI><a href="#[8d]">&gt;&gt;</a>&nbsp;&nbsp;&nbsp;__aeabi_dadd
<LI><a href="#[9d]">&gt;&gt;</a>&nbsp;&nbsp;&nbsp;__aeabi_uldivmod
<LI><a href="#[90]">&gt;&gt;</a>&nbsp;&nbsp;&nbsp;_double_epilogue
<LI><a href="#[a3]">&gt;&gt;</a>&nbsp;&nbsp;&nbsp;__aeabi_d2ulz
</UL>

<P><STRONG><a name="[212]"></a>_ll_shift_l</STRONG> (Thumb, 0 bytes, Stack size 0 bytes, llshl.o(.text), UNUSED)

<P><STRONG><a name="[99]"></a>__aeabi_llsr</STRONG> (Thumb, 32 bytes, Stack size 0 bytes, llushr.o(.text))
<BR><BR>[Called By]<UL><LI><a href="#[98]">&gt;&gt;</a>&nbsp;&nbsp;&nbsp;__aeabi_d2iz
<LI><a href="#[9a]">&gt;&gt;</a>&nbsp;&nbsp;&nbsp;__aeabi_d2uiz
<LI><a href="#[9d]">&gt;&gt;</a>&nbsp;&nbsp;&nbsp;__aeabi_uldivmod
<LI><a href="#[90]">&gt;&gt;</a>&nbsp;&nbsp;&nbsp;_double_epilogue
<LI><a href="#[a3]">&gt;&gt;</a>&nbsp;&nbsp;&nbsp;__aeabi_d2ulz
</UL>

<P><STRONG><a name="[213]"></a>_ll_ushift_r</STRONG> (Thumb, 0 bytes, Stack size 0 bytes, llushr.o(.text), UNUSED)

<P><STRONG><a name="[8f]"></a>__aeabi_lasr</STRONG> (Thumb, 36 bytes, Stack size 0 bytes, llsshr.o(.text))
<BR><BR>[Called By]<UL><LI><a href="#[8d]">&gt;&gt;</a>&nbsp;&nbsp;&nbsp;__aeabi_dadd
</UL>

<P><STRONG><a name="[214]"></a>_ll_sshift_r</STRONG> (Thumb, 0 bytes, Stack size 0 bytes, llsshr.o(.text), UNUSED)

<P><STRONG><a name="[a0]"></a>__strtod_int</STRONG> (Thumb, 90 bytes, Stack size 40 bytes, strtod.o(.text))
<BR><BR>[Stack]<UL><LI>Max Depth = 200<LI>Call Chain = __strtod_int &rArr; _local_sscanf &rArr; _scanf_real
</UL>
<BR>[Calls]<UL><LI><a href="#[9e]">&gt;&gt;</a>&nbsp;&nbsp;&nbsp;_local_sscanf
</UL>
<BR>[Called By]<UL><LI><a href="#[cf]">&gt;&gt;</a>&nbsp;&nbsp;&nbsp;atof
</UL>

<P><STRONG><a name="[8b]"></a>strtol</STRONG> (Thumb, 112 bytes, Stack size 32 bytes, strtol.o(.text))
<BR><BR>[Stack]<UL><LI>Max Depth = 72<LI>Call Chain = strtol &rArr; _strtoul
</UL>
<BR>[Calls]<UL><LI><a href="#[a2]">&gt;&gt;</a>&nbsp;&nbsp;&nbsp;_strtoul
<LI><a href="#[a1]">&gt;&gt;</a>&nbsp;&nbsp;&nbsp;__rt_ctype_table
<LI><a href="#[8a]">&gt;&gt;</a>&nbsp;&nbsp;&nbsp;__aeabi_errno_addr
</UL>
<BR>[Called By]<UL><LI><a href="#[8c]">&gt;&gt;</a>&nbsp;&nbsp;&nbsp;atol
<LI><a href="#[89]">&gt;&gt;</a>&nbsp;&nbsp;&nbsp;atoi
</UL>

<P><STRONG><a name="[215]"></a>__I$use$fp</STRONG> (Thumb, 0 bytes, Stack size 0 bytes, iusefp.o(.text), UNUSED)

<P><STRONG><a name="[9c]"></a>_float_round</STRONG> (Thumb, 18 bytes, Stack size 0 bytes, fepilogue.o(.text))
<BR><BR>[Called By]<UL><LI><a href="#[9b]">&gt;&gt;</a>&nbsp;&nbsp;&nbsp;__aeabi_d2f
</UL>

<P><STRONG><a name="[216]"></a>_float_epilogue</STRONG> (Thumb, 92 bytes, Stack size 4 bytes, fepilogue.o(.text), UNUSED)

<P><STRONG><a name="[91]"></a>_double_round</STRONG> (Thumb, 30 bytes, Stack size 8 bytes, depilogue.o(.text))
<BR><BR>[Stack]<UL><LI>Max Depth = 8<LI>Call Chain = _double_round
</UL>
<BR>[Called By]<UL><LI><a href="#[95]">&gt;&gt;</a>&nbsp;&nbsp;&nbsp;__aeabi_ddiv
<LI><a href="#[8d]">&gt;&gt;</a>&nbsp;&nbsp;&nbsp;__aeabi_dadd
<LI><a href="#[90]">&gt;&gt;</a>&nbsp;&nbsp;&nbsp;_double_epilogue
</UL>

<P><STRONG><a name="[90]"></a>_double_epilogue</STRONG> (Thumb, 156 bytes, Stack size 32 bytes, depilogue.o(.text))
<BR><BR>[Stack]<UL><LI>Max Depth = 40<LI>Call Chain = _double_epilogue &rArr; _double_round
</UL>
<BR>[Calls]<UL><LI><a href="#[99]">&gt;&gt;</a>&nbsp;&nbsp;&nbsp;__aeabi_llsr
<LI><a href="#[8e]">&gt;&gt;</a>&nbsp;&nbsp;&nbsp;__aeabi_llsl
<LI><a href="#[91]">&gt;&gt;</a>&nbsp;&nbsp;&nbsp;_double_round
</UL>
<BR>[Called By]<UL><LI><a href="#[97]">&gt;&gt;</a>&nbsp;&nbsp;&nbsp;__aeabi_ui2d
<LI><a href="#[96]">&gt;&gt;</a>&nbsp;&nbsp;&nbsp;__aeabi_i2d
<LI><a href="#[8d]">&gt;&gt;</a>&nbsp;&nbsp;&nbsp;__aeabi_dadd
<LI><a href="#[94]">&gt;&gt;</a>&nbsp;&nbsp;&nbsp;__aeabi_dmul
<LI><a href="#[a6]">&gt;&gt;</a>&nbsp;&nbsp;&nbsp;__aeabi_ul2d
</UL>

<P><STRONG><a name="[a3]"></a>__aeabi_d2ulz</STRONG> (Thumb, 48 bytes, Stack size 0 bytes, dfixul.o(.text), UNUSED)
<BR><BR>[Calls]<UL><LI><a href="#[99]">&gt;&gt;</a>&nbsp;&nbsp;&nbsp;__aeabi_llsr
<LI><a href="#[8e]">&gt;&gt;</a>&nbsp;&nbsp;&nbsp;__aeabi_llsl
</UL>
<BR>[Called By]<UL><LI><a href="#[1ac]">&gt;&gt;</a>&nbsp;&nbsp;&nbsp;_fp_digits
</UL>

<P><STRONG><a name="[1ad]"></a>__aeabi_cdrcmple</STRONG> (Thumb, 48 bytes, Stack size 0 bytes, cdrcmple.o(.text), UNUSED)
<BR><BR>[Called By]<UL><LI><a href="#[1ac]">&gt;&gt;</a>&nbsp;&nbsp;&nbsp;_fp_digits
</UL>

<P><STRONG><a name="[84]"></a>__scatterload</STRONG> (Thumb, 28 bytes, Stack size 0 bytes, init.o(.text))
<BR><BR>[Calls]<UL><LI><a href="#[a4]">&gt;&gt;</a>&nbsp;&nbsp;&nbsp;__main_after_scatterload
</UL>
<BR>[Called By]<UL><LI><a href="#[83]">&gt;&gt;</a>&nbsp;&nbsp;&nbsp;_main_scatterload
</UL>

<P><STRONG><a name="[217]"></a>__scatterload_rt2</STRONG> (Thumb, 0 bytes, Stack size 0 bytes, init.o(.text), UNUSED)

<P><STRONG><a name="[a1]"></a>__rt_ctype_table</STRONG> (Thumb, 4 bytes, Stack size 0 bytes, ctype_o.o(.text))
<BR><BR>[Called By]<UL><LI><a href="#[4b]">&gt;&gt;</a>&nbsp;&nbsp;&nbsp;isspace
<LI><a href="#[8b]">&gt;&gt;</a>&nbsp;&nbsp;&nbsp;strtol
</UL>

<P><STRONG><a name="[4b]"></a>isspace</STRONG> (Thumb, 18 bytes, Stack size 8 bytes, isspace_o.o(.text))
<BR><BR>[Stack]<UL><LI>Max Depth = 8<LI>Call Chain = isspace
</UL>
<BR>[Calls]<UL><LI><a href="#[a1]">&gt;&gt;</a>&nbsp;&nbsp;&nbsp;__rt_ctype_table
</UL>
<BR>[Address Reference Count : 1]<UL><LI> strtod.o(.text)
</UL>
<P><STRONG><a name="[9f]"></a>_scanf_real</STRONG> (Thumb, 0 bytes, Stack size 104 bytes, scanf_fp.o(.text))
<BR><BR>[Stack]<UL><LI>Max Depth = 104<LI>Call Chain = _scanf_real
</UL>
<BR>[Called By]<UL><LI><a href="#[9e]">&gt;&gt;</a>&nbsp;&nbsp;&nbsp;_local_sscanf
</UL>

<P><STRONG><a name="[a7]"></a>_scanf_really_real</STRONG> (Thumb, 556 bytes, Stack size 104 bytes, scanf_fp.o(.text), UNUSED)
<BR><BR>[Calls]<UL><LI><a href="#[9b]">&gt;&gt;</a>&nbsp;&nbsp;&nbsp;__aeabi_d2f
<LI><a href="#[a8]">&gt;&gt;</a>&nbsp;&nbsp;&nbsp;_is_digit
<LI><a href="#[a5]">&gt;&gt;</a>&nbsp;&nbsp;&nbsp;_fp_value
</UL>

<P><STRONG><a name="[49]"></a>_sgetc</STRONG> (Thumb, 30 bytes, Stack size 0 bytes, _sgetc.o(.text))
<BR>[Address Reference Count : 1]<UL><LI> strtod.o(.text)
</UL>
<P><STRONG><a name="[4a]"></a>_sbackspace</STRONG> (Thumb, 34 bytes, Stack size 0 bytes, _sgetc.o(.text))
<BR>[Address Reference Count : 1]<UL><LI> strtod.o(.text)
</UL>
<P><STRONG><a name="[a2]"></a>_strtoul</STRONG> (Thumb, 158 bytes, Stack size 40 bytes, _strtoul.o(.text))
<BR><BR>[Stack]<UL><LI>Max Depth = 40<LI>Call Chain = _strtoul
</UL>
<BR>[Calls]<UL><LI><a href="#[a9]">&gt;&gt;</a>&nbsp;&nbsp;&nbsp;_chval
<LI><a href="#[8a]">&gt;&gt;</a>&nbsp;&nbsp;&nbsp;__aeabi_errno_addr
</UL>
<BR>[Called By]<UL><LI><a href="#[8b]">&gt;&gt;</a>&nbsp;&nbsp;&nbsp;strtol
</UL>

<P><STRONG><a name="[a9]"></a>_chval</STRONG> (Thumb, 28 bytes, Stack size 0 bytes, _chval.o(.text))
<BR><BR>[Called By]<UL><LI><a href="#[a2]">&gt;&gt;</a>&nbsp;&nbsp;&nbsp;_strtoul
</UL>

<P><STRONG><a name="[a6]"></a>__aeabi_ul2d</STRONG> (Thumb, 24 bytes, Stack size 16 bytes, dfltul.o(.text), UNUSED)
<BR><BR>[Calls]<UL><LI><a href="#[90]">&gt;&gt;</a>&nbsp;&nbsp;&nbsp;_double_epilogue
</UL>
<BR>[Called By]<UL><LI><a href="#[a5]">&gt;&gt;</a>&nbsp;&nbsp;&nbsp;_fp_value
</UL>

<P><STRONG><a name="[218]"></a>__decompress</STRONG> (Thumb, 0 bytes, Stack size unknown bytes, __dczerorl2.o(.text), UNUSED)

<P><STRONG><a name="[219]"></a>__decompress1</STRONG> (Thumb, 86 bytes, Stack size unknown bytes, __dczerorl2.o(.text), UNUSED)

<P><STRONG><a name="[aa]"></a>AbacusLederInit</STRONG> (Thumb, 90 bytes, Stack size 24 bytes, eeprom.o(i.AbacusLederInit))
<BR><BR>[Stack]<UL><LI>Max Depth = 88<LI>Call Chain = AbacusLederInit &rArr; EEpReadPage &rArr; I2c_PageRead &rArr; I2c_Start &rArr; I2c_Send
</UL>
<BR>[Calls]<UL><LI><a href="#[ad]">&gt;&gt;</a>&nbsp;&nbsp;&nbsp;HAL_Delay
<LI><a href="#[ac]">&gt;&gt;</a>&nbsp;&nbsp;&nbsp;EEpReadPage
<LI><a href="#[ab]">&gt;&gt;</a>&nbsp;&nbsp;&nbsp;__aeabi_memclr4
</UL>
<BR>[Called By]<UL><LI><a href="#[46]">&gt;&gt;</a>&nbsp;&nbsp;&nbsp;main
</UL>

<P><STRONG><a name="[ae]"></a>AbacusLederProc</STRONG> (Thumb, 824 bytes, Stack size 80 bytes, eeprom.o(i.AbacusLederProc))
<BR><BR>[Stack]<UL><LI>Max Depth = 160<LI>Call Chain = AbacusLederProc &rArr; EEpWritePage &rArr; I2c_PageWrite &rArr; I2c_Start &rArr; I2c_Send
</UL>
<BR>[Calls]<UL><LI><a href="#[b0]">&gt;&gt;</a>&nbsp;&nbsp;&nbsp;TimerEventClear
<LI><a href="#[ad]">&gt;&gt;</a>&nbsp;&nbsp;&nbsp;HAL_Delay
<LI><a href="#[b4]">&gt;&gt;</a>&nbsp;&nbsp;&nbsp;GattGetData
<LI><a href="#[b2]">&gt;&gt;</a>&nbsp;&nbsp;&nbsp;GattGetListProp
<LI><a href="#[af]">&gt;&gt;</a>&nbsp;&nbsp;&nbsp;TimerGetEventState
<LI><a href="#[b5]">&gt;&gt;</a>&nbsp;&nbsp;&nbsp;RamShift
<LI><a href="#[b1]">&gt;&gt;</a>&nbsp;&nbsp;&nbsp;EEpWritePage
<LI><a href="#[ac]">&gt;&gt;</a>&nbsp;&nbsp;&nbsp;EEpReadPage
<LI><a href="#[b3]">&gt;&gt;</a>&nbsp;&nbsp;&nbsp;strstr
<LI><a href="#[ab]">&gt;&gt;</a>&nbsp;&nbsp;&nbsp;__aeabi_memclr4
</UL>
<BR>[Called By]<UL><LI><a href="#[4f]">&gt;&gt;</a>&nbsp;&nbsp;&nbsp;mainprocess
</UL>

<P><STRONG><a name="[193]"></a>AdcDetectEnable</STRONG> (Thumb, 8 bytes, Stack size 0 bytes, adc.o(i.AdcDetectEnable))
<BR><BR>[Called By]<UL><LI><a href="#[78]">&gt;&gt;</a>&nbsp;&nbsp;&nbsp;TimerPumpCallback
</UL>

<P><STRONG><a name="[b8]"></a>AdcGetBatAvgVolt</STRONG> (Thumb, 26 bytes, Stack size 0 bytes, adc.o(i.AdcGetBatAvgVolt))
<BR><BR>[Called By]<UL><LI><a href="#[b6]">&gt;&gt;</a>&nbsp;&nbsp;&nbsp;AdcProc
</UL>

<P><STRONG><a name="[b7]"></a>AdcGetVerfIntAvgVolt</STRONG> (Thumb, 14 bytes, Stack size 0 bytes, adc.o(i.AdcGetVerfIntAvgVolt))
<BR><BR>[Called By]<UL><LI><a href="#[b6]">&gt;&gt;</a>&nbsp;&nbsp;&nbsp;AdcProc
</UL>

<P><STRONG><a name="[1cf]"></a>AdcInit</STRONG> (Thumb, 2 bytes, Stack size 0 bytes, adc.o(i.AdcInit))
<BR><BR>[Called By]<UL><LI><a href="#[46]">&gt;&gt;</a>&nbsp;&nbsp;&nbsp;main
</UL>

<P><STRONG><a name="[b6]"></a>AdcProc</STRONG> (Thumb, 64 bytes, Stack size 8 bytes, adc.o(i.AdcProc))
<BR><BR>[Stack]<UL><LI>Max Depth = 8<LI>Call Chain = AdcProc
</UL>
<BR>[Calls]<UL><LI><a href="#[b7]">&gt;&gt;</a>&nbsp;&nbsp;&nbsp;AdcGetVerfIntAvgVolt
<LI><a href="#[b8]">&gt;&gt;</a>&nbsp;&nbsp;&nbsp;AdcGetBatAvgVolt
</UL>
<BR>[Called By]<UL><LI><a href="#[4f]">&gt;&gt;</a>&nbsp;&nbsp;&nbsp;mainprocess
</UL>

<P><STRONG><a name="[6b]"></a>AtCmdApnParse</STRONG> (Thumb, 114 bytes, Stack size 24 bytes, atcmd.o(i.AtCmdApnParse))
<BR><BR>[Stack]<UL><LI>Max Depth = 48<LI>Call Chain = AtCmdApnParse &rArr; __2sprintf
</UL>
<BR>[Calls]<UL><LI><a href="#[bd]">&gt;&gt;</a>&nbsp;&nbsp;&nbsp;EEpUpdateEnable
<LI><a href="#[ba]">&gt;&gt;</a>&nbsp;&nbsp;&nbsp;AtCmdGetValueLen
<LI><a href="#[bc]">&gt;&gt;</a>&nbsp;&nbsp;&nbsp;__2sprintf
<LI><a href="#[b9]">&gt;&gt;</a>&nbsp;&nbsp;&nbsp;strlen
<LI><a href="#[ab]">&gt;&gt;</a>&nbsp;&nbsp;&nbsp;__aeabi_memclr4
<LI><a href="#[bb]">&gt;&gt;</a>&nbsp;&nbsp;&nbsp;__aeabi_memcpy
</UL>
<BR>[Address Reference Count : 1]<UL><LI> atcmd.o(.constdata)
</UL>
<P><STRONG><a name="[6d]"></a>AtCmdApnPswdParse</STRONG> (Thumb, 114 bytes, Stack size 24 bytes, atcmd.o(i.AtCmdApnPswdParse))
<BR><BR>[Stack]<UL><LI>Max Depth = 48<LI>Call Chain = AtCmdApnPswdParse &rArr; __2sprintf
</UL>
<BR>[Calls]<UL><LI><a href="#[bd]">&gt;&gt;</a>&nbsp;&nbsp;&nbsp;EEpUpdateEnable
<LI><a href="#[ba]">&gt;&gt;</a>&nbsp;&nbsp;&nbsp;AtCmdGetValueLen
<LI><a href="#[bc]">&gt;&gt;</a>&nbsp;&nbsp;&nbsp;__2sprintf
<LI><a href="#[b9]">&gt;&gt;</a>&nbsp;&nbsp;&nbsp;strlen
<LI><a href="#[bb]">&gt;&gt;</a>&nbsp;&nbsp;&nbsp;__aeabi_memcpy
</UL>
<BR>[Address Reference Count : 1]<UL><LI> atcmd.o(.constdata)
</UL>
<P><STRONG><a name="[6c]"></a>AtCmdApnUserParse</STRONG> (Thumb, 114 bytes, Stack size 24 bytes, atcmd.o(i.AtCmdApnUserParse))
<BR><BR>[Stack]<UL><LI>Max Depth = 48<LI>Call Chain = AtCmdApnUserParse &rArr; __2sprintf
</UL>
<BR>[Calls]<UL><LI><a href="#[bd]">&gt;&gt;</a>&nbsp;&nbsp;&nbsp;EEpUpdateEnable
<LI><a href="#[ba]">&gt;&gt;</a>&nbsp;&nbsp;&nbsp;AtCmdGetValueLen
<LI><a href="#[bc]">&gt;&gt;</a>&nbsp;&nbsp;&nbsp;__2sprintf
<LI><a href="#[b9]">&gt;&gt;</a>&nbsp;&nbsp;&nbsp;strlen
<LI><a href="#[bb]">&gt;&gt;</a>&nbsp;&nbsp;&nbsp;__aeabi_memcpy
</UL>
<BR>[Address Reference Count : 1]<UL><LI> atcmd.o(.constdata)
</UL>
<P><STRONG><a name="[71]"></a>AtCmdBrokerParse</STRONG> (Thumb, 114 bytes, Stack size 24 bytes, atcmd.o(i.AtCmdBrokerParse))
<BR><BR>[Stack]<UL><LI>Max Depth = 48<LI>Call Chain = AtCmdBrokerParse &rArr; __2sprintf
</UL>
<BR>[Calls]<UL><LI><a href="#[bd]">&gt;&gt;</a>&nbsp;&nbsp;&nbsp;EEpUpdateEnable
<LI><a href="#[ba]">&gt;&gt;</a>&nbsp;&nbsp;&nbsp;AtCmdGetValueLen
<LI><a href="#[bc]">&gt;&gt;</a>&nbsp;&nbsp;&nbsp;__2sprintf
<LI><a href="#[b9]">&gt;&gt;</a>&nbsp;&nbsp;&nbsp;strlen
<LI><a href="#[ab]">&gt;&gt;</a>&nbsp;&nbsp;&nbsp;__aeabi_memclr4
<LI><a href="#[bb]">&gt;&gt;</a>&nbsp;&nbsp;&nbsp;__aeabi_memcpy
</UL>
<BR>[Address Reference Count : 1]<UL><LI> atcmd.o(.constdata)
</UL>
<P><STRONG><a name="[5d]"></a>AtCmdCgactSend</STRONG> (Thumb, 40 bytes, Stack size 72 bytes, atcmd.o(i.AtCmdCgactSend))
<BR><BR>[Stack]<UL><LI>Max Depth = 104<LI>Call Chain = AtCmdCgactSend &rArr; AtCmdSend &rArr; Uart2Send
</UL>
<BR>[Calls]<UL><LI><a href="#[53]">&gt;&gt;</a>&nbsp;&nbsp;&nbsp;AtCmdSend
<LI><a href="#[bc]">&gt;&gt;</a>&nbsp;&nbsp;&nbsp;__2sprintf
<LI><a href="#[ab]">&gt;&gt;</a>&nbsp;&nbsp;&nbsp;__aeabi_memclr4
</UL>
<BR>[Address Reference Count : 1]<UL><LI> atcmd.o(.constdata)
</UL>
<P><STRONG><a name="[5c]"></a>AtCmdCgdcontSend</STRONG> (Thumb, 40 bytes, Stack size 72 bytes, atcmd.o(i.AtCmdCgdcontSend))
<BR><BR>[Stack]<UL><LI>Max Depth = 104<LI>Call Chain = AtCmdCgdcontSend &rArr; AtCmdSend &rArr; Uart2Send
</UL>
<BR>[Calls]<UL><LI><a href="#[53]">&gt;&gt;</a>&nbsp;&nbsp;&nbsp;AtCmdSend
<LI><a href="#[bc]">&gt;&gt;</a>&nbsp;&nbsp;&nbsp;__2sprintf
<LI><a href="#[ab]">&gt;&gt;</a>&nbsp;&nbsp;&nbsp;__aeabi_memclr4
</UL>
<BR>[Address Reference Count : 1]<UL><LI> atcmd.o(.constdata)
</UL>
<P><STRONG><a name="[5a]"></a>AtCmdCipSend</STRONG> (Thumb, 360 bytes, Stack size 40 bytes, atcmd.o(i.AtCmdCipSend))
<BR><BR>[Stack]<UL><LI>Max Depth = 152<LI>Call Chain = AtCmdCipSend &rArr; GattMultiFieldMerge &rArr; GattSetGprsSleepTime &rArr; GattSetData &rArr; strcmp
</UL>
<BR>[Calls]<UL><LI><a href="#[ad]">&gt;&gt;</a>&nbsp;&nbsp;&nbsp;HAL_Delay
<LI><a href="#[be]">&gt;&gt;</a>&nbsp;&nbsp;&nbsp;MqttGetState
<LI><a href="#[bf]">&gt;&gt;</a>&nbsp;&nbsp;&nbsp;MqttGetRequest
<LI><a href="#[c3]">&gt;&gt;</a>&nbsp;&nbsp;&nbsp;GattMultiFieldMerge
<LI><a href="#[c5]">&gt;&gt;</a>&nbsp;&nbsp;&nbsp;GattGetJsonBuff
<LI><a href="#[c2]">&gt;&gt;</a>&nbsp;&nbsp;&nbsp;GattAllFieldJsonMerge
<LI><a href="#[c4]">&gt;&gt;</a>&nbsp;&nbsp;&nbsp;GattAbacFieldMerge
<LI><a href="#[c1]">&gt;&gt;</a>&nbsp;&nbsp;&nbsp;AtSetSubscribeId
<LI><a href="#[c0]">&gt;&gt;</a>&nbsp;&nbsp;&nbsp;AtCmdLenSend
<LI><a href="#[b9]">&gt;&gt;</a>&nbsp;&nbsp;&nbsp;strlen
</UL>
<BR>[Address Reference Count : 1]<UL><LI> atcmd.o(.constdata)
</UL>
<P><STRONG><a name="[5b]"></a>AtCmdCipSendOk</STRONG> (Thumb, 12 bytes, Stack size 0 bytes, atcmd.o(i.AtCmdCipSendOk))
<BR>[Address Reference Count : 1]<UL><LI> atcmd.o(.constdata)
</UL>
<P><STRONG><a name="[59]"></a>AtCmdCipStart</STRONG> (Thumb, 94 bytes, Stack size 160 bytes, atcmd.o(i.AtCmdCipStart))
<BR><BR>[Stack]<UL><LI>Max Depth = 192<LI>Call Chain = AtCmdCipStart &rArr; AtCmdSend &rArr; Uart2Send
</UL>
<BR>[Calls]<UL><LI><a href="#[53]">&gt;&gt;</a>&nbsp;&nbsp;&nbsp;AtCmdSend
<LI><a href="#[bc]">&gt;&gt;</a>&nbsp;&nbsp;&nbsp;__2sprintf
<LI><a href="#[b9]">&gt;&gt;</a>&nbsp;&nbsp;&nbsp;strlen
</UL>
<BR>[Address Reference Count : 1]<UL><LI> atcmd.o(.constdata)
</UL>
<P><STRONG><a name="[54]"></a>AtCmdCmgrSend</STRONG> (Thumb, 32 bytes, Stack size 72 bytes, atcmd.o(i.AtCmdCmgrSend))
<BR><BR>[Stack]<UL><LI>Max Depth = 104<LI>Call Chain = AtCmdCmgrSend &rArr; AtCmdSend &rArr; Uart2Send
</UL>
<BR>[Calls]<UL><LI><a href="#[53]">&gt;&gt;</a>&nbsp;&nbsp;&nbsp;AtCmdSend
<LI><a href="#[bc]">&gt;&gt;</a>&nbsp;&nbsp;&nbsp;__2sprintf
<LI><a href="#[ab]">&gt;&gt;</a>&nbsp;&nbsp;&nbsp;__aeabi_memclr4
</UL>
<BR>[Address Reference Count : 1]<UL><LI> atcmd.o(.constdata)
</UL>
<P><STRONG><a name="[56]"></a>AtCmdCmgsSMSSend</STRONG> (Thumb, 108 bytes, Stack size 8 bytes, atcmd.o(i.AtCmdCmgsSMSSend))
<BR><BR>[Stack]<UL><LI>Max Depth = 40<LI>Call Chain = AtCmdCmgsSMSSend &rArr; AtCmdSend &rArr; Uart2Send
</UL>
<BR>[Calls]<UL><LI><a href="#[ad]">&gt;&gt;</a>&nbsp;&nbsp;&nbsp;HAL_Delay
<LI><a href="#[53]">&gt;&gt;</a>&nbsp;&nbsp;&nbsp;AtCmdSend
<LI><a href="#[c0]">&gt;&gt;</a>&nbsp;&nbsp;&nbsp;AtCmdLenSend
<LI><a href="#[bc]">&gt;&gt;</a>&nbsp;&nbsp;&nbsp;__2sprintf
<LI><a href="#[b9]">&gt;&gt;</a>&nbsp;&nbsp;&nbsp;strlen
<LI><a href="#[86]">&gt;&gt;</a>&nbsp;&nbsp;&nbsp;__aeabi_memclr
</UL>
<BR>[Address Reference Count : 1]<UL><LI> atcmd.o(.constdata)
</UL>
<P><STRONG><a name="[55]"></a>AtCmdCmgsSend</STRONG> (Thumb, 32 bytes, Stack size 8 bytes, atcmd.o(i.AtCmdCmgsSend))
<BR><BR>[Stack]<UL><LI>Max Depth = 40<LI>Call Chain = AtCmdCmgsSend &rArr; AtCmdSend &rArr; Uart2Send
</UL>
<BR>[Calls]<UL><LI><a href="#[53]">&gt;&gt;</a>&nbsp;&nbsp;&nbsp;AtCmdSend
<LI><a href="#[86]">&gt;&gt;</a>&nbsp;&nbsp;&nbsp;__aeabi_memclr
</UL>
<BR>[Address Reference Count : 1]<UL><LI> atcmd.o(.constdata)
</UL>
<P><STRONG><a name="[57]"></a>AtCmdCpmsAck</STRONG> (Thumb, 6 bytes, Stack size 0 bytes, atcmd.o(i.AtCmdCpmsAck))
<BR><BR>[Stack]<UL><LI>Max Depth = 4<LI>Call Chain = AtCmdCpmsAck &rArr; HAL_Delay
</UL>
<BR>[Calls]<UL><LI><a href="#[ad]">&gt;&gt;</a>&nbsp;&nbsp;&nbsp;HAL_Delay
</UL>
<BR>[Address Reference Count : 1]<UL><LI> atcmd.o(.constdata)
</UL>
<P><STRONG><a name="[58]"></a>AtCmdCsttSend</STRONG> (Thumb, 84 bytes, Stack size 152 bytes, atcmd.o(i.AtCmdCsttSend))
<BR><BR>[Stack]<UL><LI>Max Depth = 184<LI>Call Chain = AtCmdCsttSend &rArr; AtCmdSend &rArr; Uart2Send
</UL>
<BR>[Calls]<UL><LI><a href="#[53]">&gt;&gt;</a>&nbsp;&nbsp;&nbsp;AtCmdSend
<LI><a href="#[bc]">&gt;&gt;</a>&nbsp;&nbsp;&nbsp;__2sprintf
<LI><a href="#[b9]">&gt;&gt;</a>&nbsp;&nbsp;&nbsp;strlen
</UL>
<BR>[Address Reference Count : 1]<UL><LI> atcmd.o(.constdata)
</UL>
<P><STRONG><a name="[ba]"></a>AtCmdGetValueLen</STRONG> (Thumb, 30 bytes, Stack size 8 bytes, atcmd.o(i.AtCmdGetValueLen))
<BR><BR>[Stack]<UL><LI>Max Depth = 8<LI>Call Chain = AtCmdGetValueLen
</UL>
<BR>[Called By]<UL><LI><a href="#[15b]">&gt;&gt;</a>&nbsp;&nbsp;&nbsp;PKeybordProc
<LI><a href="#[70]">&gt;&gt;</a>&nbsp;&nbsp;&nbsp;AtCmdTransFrqParse
<LI><a href="#[6e]">&gt;&gt;</a>&nbsp;&nbsp;&nbsp;AtCmdTokenParse
<LI><a href="#[72]">&gt;&gt;</a>&nbsp;&nbsp;&nbsp;AtCmdPortParse
<LI><a href="#[75]">&gt;&gt;</a>&nbsp;&nbsp;&nbsp;AtCmdPhoneNoParse
<LI><a href="#[c9]">&gt;&gt;</a>&nbsp;&nbsp;&nbsp;AtCmdPaser
<LI><a href="#[73]">&gt;&gt;</a>&nbsp;&nbsp;&nbsp;AtCmdMqttUsrNameParse
<LI><a href="#[74]">&gt;&gt;</a>&nbsp;&nbsp;&nbsp;AtCmdMqttPswdParse
<LI><a href="#[6f]">&gt;&gt;</a>&nbsp;&nbsp;&nbsp;AtCmdMeansFrqParse
<LI><a href="#[71]">&gt;&gt;</a>&nbsp;&nbsp;&nbsp;AtCmdBrokerParse
<LI><a href="#[6c]">&gt;&gt;</a>&nbsp;&nbsp;&nbsp;AtCmdApnUserParse
<LI><a href="#[6d]">&gt;&gt;</a>&nbsp;&nbsp;&nbsp;AtCmdApnPswdParse
<LI><a href="#[6b]">&gt;&gt;</a>&nbsp;&nbsp;&nbsp;AtCmdApnParse
</UL>

<P><STRONG><a name="[c6]"></a>AtCmdInit</STRONG> (Thumb, 74 bytes, Stack size 16 bytes, atcmd.o(i.AtCmdInit))
<BR><BR>[Stack]<UL><LI>Max Depth = 16<LI>Call Chain = AtCmdInit
</UL>
<BR>[Calls]<UL><LI><a href="#[86]">&gt;&gt;</a>&nbsp;&nbsp;&nbsp;__aeabi_memclr
</UL>
<BR>[Called By]<UL><LI><a href="#[137]">&gt;&gt;</a>&nbsp;&nbsp;&nbsp;GsmComInit
</UL>

<P><STRONG><a name="[c0]"></a>AtCmdLenSend</STRONG> (Thumb, 4 bytes, Stack size 0 bytes, atcmd.o(i.AtCmdLenSend))
<BR><BR>[Stack]<UL><LI>Max Depth = 24<LI>Call Chain = AtCmdLenSend &rArr; Uart2Send
</UL>
<BR>[Calls]<UL><LI><a href="#[c7]">&gt;&gt;</a>&nbsp;&nbsp;&nbsp;Uart2Send
</UL>
<BR>[Called By]<UL><LI><a href="#[56]">&gt;&gt;</a>&nbsp;&nbsp;&nbsp;AtCmdCmgsSMSSend
<LI><a href="#[5a]">&gt;&gt;</a>&nbsp;&nbsp;&nbsp;AtCmdCipSend
</UL>

<P><STRONG><a name="[6f]"></a>AtCmdMeansFrqParse</STRONG> (Thumb, 118 bytes, Stack size 24 bytes, atcmd.o(i.AtCmdMeansFrqParse))
<BR><BR>[Stack]<UL><LI>Max Depth = 48<LI>Call Chain = AtCmdMeansFrqParse &rArr; __2sprintf
</UL>
<BR>[Calls]<UL><LI><a href="#[bd]">&gt;&gt;</a>&nbsp;&nbsp;&nbsp;EEpUpdateEnable
<LI><a href="#[ba]">&gt;&gt;</a>&nbsp;&nbsp;&nbsp;AtCmdGetValueLen
<LI><a href="#[bc]">&gt;&gt;</a>&nbsp;&nbsp;&nbsp;__2sprintf
<LI><a href="#[b9]">&gt;&gt;</a>&nbsp;&nbsp;&nbsp;strlen
<LI><a href="#[bb]">&gt;&gt;</a>&nbsp;&nbsp;&nbsp;__aeabi_memcpy
</UL>
<BR>[Address Reference Count : 1]<UL><LI> atcmd.o(.constdata)
</UL>
<P><STRONG><a name="[c8]"></a>AtCmdMerge</STRONG> (Thumb, 84 bytes, Stack size 24 bytes, atcmd.o(i.AtCmdMerge))
<BR><BR>[Stack]<UL><LI>Max Depth = 24<LI>Call Chain = AtCmdMerge
</UL>
<BR>[Calls]<UL><LI><a href="#[86]">&gt;&gt;</a>&nbsp;&nbsp;&nbsp;__aeabi_memclr
</UL>
<BR>[Called By]<UL><LI><a href="#[de]">&gt;&gt;</a>&nbsp;&nbsp;&nbsp;AtCmdProc
<LI><a href="#[c9]">&gt;&gt;</a>&nbsp;&nbsp;&nbsp;AtCmdPaser
<LI><a href="#[139]">&gt;&gt;</a>&nbsp;&nbsp;&nbsp;MqttProc
</UL>

<P><STRONG><a name="[5e]"></a>AtCmdMqttAccqSend</STRONG> (Thumb, 62 bytes, Stack size 72 bytes, atcmd.o(i.AtCmdMqttAccqSend))
<BR><BR>[Stack]<UL><LI>Max Depth = 104<LI>Call Chain = AtCmdMqttAccqSend &rArr; AtCmdSend &rArr; Uart2Send
</UL>
<BR>[Calls]<UL><LI><a href="#[53]">&gt;&gt;</a>&nbsp;&nbsp;&nbsp;AtCmdSend
<LI><a href="#[bc]">&gt;&gt;</a>&nbsp;&nbsp;&nbsp;__2sprintf
<LI><a href="#[ab]">&gt;&gt;</a>&nbsp;&nbsp;&nbsp;__aeabi_memclr4
</UL>
<BR>[Address Reference Count : 1]<UL><LI> atcmd.o(.constdata)
</UL>
<P><STRONG><a name="[5f]"></a>AtCmdMqttConnectSend</STRONG> (Thumb, 152 bytes, Stack size 152 bytes, atcmd.o(i.AtCmdMqttConnectSend))
<BR><BR>[Stack]<UL><LI>Max Depth = 184<LI>Call Chain = AtCmdMqttConnectSend &rArr; AtCmdSend &rArr; Uart2Send
</UL>
<BR>[Calls]<UL><LI><a href="#[53]">&gt;&gt;</a>&nbsp;&nbsp;&nbsp;AtCmdSend
<LI><a href="#[bc]">&gt;&gt;</a>&nbsp;&nbsp;&nbsp;__2sprintf
<LI><a href="#[b9]">&gt;&gt;</a>&nbsp;&nbsp;&nbsp;strlen
<LI><a href="#[ab]">&gt;&gt;</a>&nbsp;&nbsp;&nbsp;__aeabi_memclr4
</UL>
<BR>[Address Reference Count : 1]<UL><LI> atcmd.o(.constdata)
</UL>
<P><STRONG><a name="[63]"></a>AtCmdMqttPayloadAck</STRONG> (Thumb, 20 bytes, Stack size 8 bytes, atcmd.o(i.AtCmdMqttPayloadAck))
<BR><BR>[Stack]<UL><LI>Max Depth = 40<LI>Call Chain = AtCmdMqttPayloadAck &rArr; AtCmdSend &rArr; Uart2Send
</UL>
<BR>[Calls]<UL><LI><a href="#[c5]">&gt;&gt;</a>&nbsp;&nbsp;&nbsp;GattGetJsonBuff
<LI><a href="#[53]">&gt;&gt;</a>&nbsp;&nbsp;&nbsp;AtCmdSend
</UL>
<BR>[Address Reference Count : 1]<UL><LI> atcmd.o(.constdata)
</UL>
<P><STRONG><a name="[62]"></a>AtCmdMqttPayloadSend</STRONG> (Thumb, 88 bytes, Stack size 136 bytes, atcmd.o(i.AtCmdMqttPayloadSend))
<BR><BR>[Stack]<UL><LI>Max Depth = 168<LI>Call Chain = AtCmdMqttPayloadSend &rArr; AtCmdSend &rArr; Uart2Send
</UL>
<BR>[Calls]<UL><LI><a href="#[ad]">&gt;&gt;</a>&nbsp;&nbsp;&nbsp;HAL_Delay
<LI><a href="#[c5]">&gt;&gt;</a>&nbsp;&nbsp;&nbsp;GattGetJsonBuff
<LI><a href="#[53]">&gt;&gt;</a>&nbsp;&nbsp;&nbsp;AtCmdSend
<LI><a href="#[bc]">&gt;&gt;</a>&nbsp;&nbsp;&nbsp;__2sprintf
<LI><a href="#[b9]">&gt;&gt;</a>&nbsp;&nbsp;&nbsp;strlen
<LI><a href="#[ab]">&gt;&gt;</a>&nbsp;&nbsp;&nbsp;__aeabi_memclr4
</UL>
<BR>[Address Reference Count : 1]<UL><LI> atcmd.o(.constdata)
</UL>
<P><STRONG><a name="[74]"></a>AtCmdMqttPswdParse</STRONG> (Thumb, 114 bytes, Stack size 24 bytes, atcmd.o(i.AtCmdMqttPswdParse))
<BR><BR>[Stack]<UL><LI>Max Depth = 48<LI>Call Chain = AtCmdMqttPswdParse &rArr; __2sprintf
</UL>
<BR>[Calls]<UL><LI><a href="#[bd]">&gt;&gt;</a>&nbsp;&nbsp;&nbsp;EEpUpdateEnable
<LI><a href="#[ba]">&gt;&gt;</a>&nbsp;&nbsp;&nbsp;AtCmdGetValueLen
<LI><a href="#[bc]">&gt;&gt;</a>&nbsp;&nbsp;&nbsp;__2sprintf
<LI><a href="#[b9]">&gt;&gt;</a>&nbsp;&nbsp;&nbsp;strlen
<LI><a href="#[86]">&gt;&gt;</a>&nbsp;&nbsp;&nbsp;__aeabi_memclr
<LI><a href="#[bb]">&gt;&gt;</a>&nbsp;&nbsp;&nbsp;__aeabi_memcpy
</UL>
<BR>[Address Reference Count : 1]<UL><LI> atcmd.o(.constdata)
</UL>
<P><STRONG><a name="[64]"></a>AtCmdMqttPubSend</STRONG> (Thumb, 62 bytes, Stack size 136 bytes, atcmd.o(i.AtCmdMqttPubSend))
<BR><BR>[Stack]<UL><LI>Max Depth = 168<LI>Call Chain = AtCmdMqttPubSend &rArr; AtCmdSend &rArr; Uart2Send
</UL>
<BR>[Calls]<UL><LI><a href="#[c5]">&gt;&gt;</a>&nbsp;&nbsp;&nbsp;GattGetJsonBuff
<LI><a href="#[53]">&gt;&gt;</a>&nbsp;&nbsp;&nbsp;AtCmdSend
<LI><a href="#[bc]">&gt;&gt;</a>&nbsp;&nbsp;&nbsp;__2sprintf
<LI><a href="#[ab]">&gt;&gt;</a>&nbsp;&nbsp;&nbsp;__aeabi_memclr4
</UL>
<BR>[Address Reference Count : 1]<UL><LI> atcmd.o(.constdata)
</UL>
<P><STRONG><a name="[66]"></a>AtCmdMqttSubAck</STRONG> (Thumb, 18 bytes, Stack size 8 bytes, atcmd.o(i.AtCmdMqttSubAck))
<BR><BR>[Stack]<UL><LI>Max Depth = 40<LI>Call Chain = AtCmdMqttSubAck &rArr; AtCmdSend &rArr; Uart2Send
</UL>
<BR>[Calls]<UL><LI><a href="#[53]">&gt;&gt;</a>&nbsp;&nbsp;&nbsp;AtCmdSend
</UL>
<BR>[Address Reference Count : 1]<UL><LI> atcmd.o(.constdata)
</UL>
<P><STRONG><a name="[65]"></a>AtCmdMqttSubSend</STRONG> (Thumb, 74 bytes, Stack size 136 bytes, atcmd.o(i.AtCmdMqttSubSend))
<BR><BR>[Stack]<UL><LI>Max Depth = 168<LI>Call Chain = AtCmdMqttSubSend &rArr; AtCmdSend &rArr; Uart2Send
</UL>
<BR>[Calls]<UL><LI><a href="#[53]">&gt;&gt;</a>&nbsp;&nbsp;&nbsp;AtCmdSend
<LI><a href="#[bc]">&gt;&gt;</a>&nbsp;&nbsp;&nbsp;__2sprintf
<LI><a href="#[b9]">&gt;&gt;</a>&nbsp;&nbsp;&nbsp;strlen
<LI><a href="#[ab]">&gt;&gt;</a>&nbsp;&nbsp;&nbsp;__aeabi_memclr4
</UL>
<BR>[Address Reference Count : 1]<UL><LI> atcmd.o(.constdata)
</UL>
<P><STRONG><a name="[68]"></a>AtCmdMqttSubtopicAck</STRONG> (Thumb, 18 bytes, Stack size 8 bytes, atcmd.o(i.AtCmdMqttSubtopicAck))
<BR><BR>[Stack]<UL><LI>Max Depth = 40<LI>Call Chain = AtCmdMqttSubtopicAck &rArr; AtCmdSend &rArr; Uart2Send
</UL>
<BR>[Calls]<UL><LI><a href="#[53]">&gt;&gt;</a>&nbsp;&nbsp;&nbsp;AtCmdSend
</UL>
<BR>[Address Reference Count : 1]<UL><LI> atcmd.o(.constdata)
</UL>
<P><STRONG><a name="[67]"></a>AtCmdMqttSubtopicSend</STRONG> (Thumb, 74 bytes, Stack size 136 bytes, atcmd.o(i.AtCmdMqttSubtopicSend))
<BR><BR>[Stack]<UL><LI>Max Depth = 168<LI>Call Chain = AtCmdMqttSubtopicSend &rArr; AtCmdSend &rArr; Uart2Send
</UL>
<BR>[Calls]<UL><LI><a href="#[53]">&gt;&gt;</a>&nbsp;&nbsp;&nbsp;AtCmdSend
<LI><a href="#[bc]">&gt;&gt;</a>&nbsp;&nbsp;&nbsp;__2sprintf
<LI><a href="#[b9]">&gt;&gt;</a>&nbsp;&nbsp;&nbsp;strlen
<LI><a href="#[ab]">&gt;&gt;</a>&nbsp;&nbsp;&nbsp;__aeabi_memclr4
</UL>
<BR>[Address Reference Count : 1]<UL><LI> atcmd.o(.constdata)
</UL>
<P><STRONG><a name="[61]"></a>AtCmdMqttTopicAck</STRONG> (Thumb, 18 bytes, Stack size 8 bytes, atcmd.o(i.AtCmdMqttTopicAck))
<BR><BR>[Stack]<UL><LI>Max Depth = 40<LI>Call Chain = AtCmdMqttTopicAck &rArr; AtCmdSend &rArr; Uart2Send
</UL>
<BR>[Calls]<UL><LI><a href="#[53]">&gt;&gt;</a>&nbsp;&nbsp;&nbsp;AtCmdSend
</UL>
<BR>[Address Reference Count : 1]<UL><LI> atcmd.o(.constdata)
</UL>
<P><STRONG><a name="[60]"></a>AtCmdMqttTopicSend</STRONG> (Thumb, 74 bytes, Stack size 136 bytes, atcmd.o(i.AtCmdMqttTopicSend))
<BR><BR>[Stack]<UL><LI>Max Depth = 168<LI>Call Chain = AtCmdMqttTopicSend &rArr; AtCmdSend &rArr; Uart2Send
</UL>
<BR>[Calls]<UL><LI><a href="#[53]">&gt;&gt;</a>&nbsp;&nbsp;&nbsp;AtCmdSend
<LI><a href="#[bc]">&gt;&gt;</a>&nbsp;&nbsp;&nbsp;__2sprintf
<LI><a href="#[b9]">&gt;&gt;</a>&nbsp;&nbsp;&nbsp;strlen
<LI><a href="#[ab]">&gt;&gt;</a>&nbsp;&nbsp;&nbsp;__aeabi_memclr4
</UL>
<BR>[Address Reference Count : 1]<UL><LI> atcmd.o(.constdata)
</UL>
<P><STRONG><a name="[6a]"></a>AtCmdMqttUnSubAck</STRONG> (Thumb, 18 bytes, Stack size 8 bytes, atcmd.o(i.AtCmdMqttUnSubAck))
<BR><BR>[Stack]<UL><LI>Max Depth = 40<LI>Call Chain = AtCmdMqttUnSubAck &rArr; AtCmdSend &rArr; Uart2Send
</UL>
<BR>[Calls]<UL><LI><a href="#[53]">&gt;&gt;</a>&nbsp;&nbsp;&nbsp;AtCmdSend
</UL>
<BR>[Address Reference Count : 1]<UL><LI> atcmd.o(.constdata)
</UL>
<P><STRONG><a name="[69]"></a>AtCmdMqttUnSubSend</STRONG> (Thumb, 74 bytes, Stack size 136 bytes, atcmd.o(i.AtCmdMqttUnSubSend))
<BR><BR>[Stack]<UL><LI>Max Depth = 168<LI>Call Chain = AtCmdMqttUnSubSend &rArr; AtCmdSend &rArr; Uart2Send
</UL>
<BR>[Calls]<UL><LI><a href="#[53]">&gt;&gt;</a>&nbsp;&nbsp;&nbsp;AtCmdSend
<LI><a href="#[bc]">&gt;&gt;</a>&nbsp;&nbsp;&nbsp;__2sprintf
<LI><a href="#[b9]">&gt;&gt;</a>&nbsp;&nbsp;&nbsp;strlen
<LI><a href="#[ab]">&gt;&gt;</a>&nbsp;&nbsp;&nbsp;__aeabi_memclr4
</UL>
<BR>[Address Reference Count : 1]<UL><LI> atcmd.o(.constdata)
</UL>
<P><STRONG><a name="[73]"></a>AtCmdMqttUsrNameParse</STRONG> (Thumb, 114 bytes, Stack size 24 bytes, atcmd.o(i.AtCmdMqttUsrNameParse))
<BR><BR>[Stack]<UL><LI>Max Depth = 48<LI>Call Chain = AtCmdMqttUsrNameParse &rArr; __2sprintf
</UL>
<BR>[Calls]<UL><LI><a href="#[bd]">&gt;&gt;</a>&nbsp;&nbsp;&nbsp;EEpUpdateEnable
<LI><a href="#[ba]">&gt;&gt;</a>&nbsp;&nbsp;&nbsp;AtCmdGetValueLen
<LI><a href="#[bc]">&gt;&gt;</a>&nbsp;&nbsp;&nbsp;__2sprintf
<LI><a href="#[b9]">&gt;&gt;</a>&nbsp;&nbsp;&nbsp;strlen
<LI><a href="#[86]">&gt;&gt;</a>&nbsp;&nbsp;&nbsp;__aeabi_memclr
<LI><a href="#[bb]">&gt;&gt;</a>&nbsp;&nbsp;&nbsp;__aeabi_memcpy
</UL>
<BR>[Address Reference Count : 1]<UL><LI> atcmd.o(.constdata)
</UL>
<P><STRONG><a name="[c9]"></a>AtCmdPaser</STRONG> (Thumb, 5468 bytes, Stack size 272 bytes, atcmd.o(i.AtCmdPaser))
<BR><BR>[Stack]<UL><LI>Max Depth = 1064<LI>Call Chain = AtCmdPaser &rArr; OtaParse &rArr; atol &rArr; strtol &rArr; _strtoul
</UL>
<BR>[Calls]<UL><LI><a href="#[cb]">&gt;&gt;</a>&nbsp;&nbsp;&nbsp;gpio_bit_write
<LI><a href="#[ad]">&gt;&gt;</a>&nbsp;&nbsp;&nbsp;HAL_Delay
<LI><a href="#[cd]">&gt;&gt;</a>&nbsp;&nbsp;&nbsp;GmsSetSimcardState
<LI><a href="#[d0]">&gt;&gt;</a>&nbsp;&nbsp;&nbsp;__aeabi_f2d
<LI><a href="#[9b]">&gt;&gt;</a>&nbsp;&nbsp;&nbsp;__aeabi_d2f
[...]
</UL>
<BR>[Calls]<UL><LI><a href="#[1bd]">&gt;&gt;</a>&nbsp;&nbsp;&nbsp;xTaskGetCurrentTaskHandle
<LI><a href="#[1be]">&gt;&gt;</a>&nbsp;&nbsp;&nbsp;pcTaskGetName
<LI><a href="#[1fd]">&gt;&gt;</a>&nbsp;&nbsp;&nbsp;vApplicationGetIdleTaskMemory
<LI><a href="#[1c6]">&gt;&gt;</a>&nbsp;&nbsp;&nbsp;timer2_config
<LI><a href="#[1ff]">&gt;&gt;</a>&nbsp;&nbsp;&nbsp;xPortStartScheduler
<LI><a href="#[1fe]">&gt;&gt;</a>&nbsp;&nbsp;&nbsp;xTaskCreateStatic
<LI><a href="#[180]">&gt;&gt;</a>&nbsp;&nbsp;&nbsp;__2printf
</UL>
<BR>[Called By]<UL><LI><a href="#[46]">&gt;&gt;</a>&nbsp;&nbsp;&nbsp;main
</UL>

<P><STRONG><a name="[1e6]"></a>vTaskSuspendAll</STRONG> (Thumb, 10 bytes, Stack size 0 bytes, tasks.o(i.vTaskSuspendAll))
<BR><BR>[Called By]<UL><LI><a href="#[182]">&gt;&gt;</a>&nbsp;&nbsp;&nbsp;vTaskDelay
<LI><a href="#[1dc]">&gt;&gt;</a>&nbsp;&nbsp;&nbsp;vPortFree
<LI><a href="#[1e5]">&gt;&gt;</a>&nbsp;&nbsp;&nbsp;pvPortMalloc
<LI><a href="#[1e2]">&gt;&gt;</a>&nbsp;&nbsp;&nbsp;vTaskGetInfo
<LI><a href="#[1fa]">&gt;&gt;</a>&nbsp;&nbsp;&nbsp;uxTaskGetSystemState
</UL>

<P><STRONG><a name="[85]"></a>vTaskSwitchContext</STRONG> (Thumb, 190 bytes, Stack size 8 bytes, tasks.o(i.vTaskSwitchContext))
<BR><BR>[Stack]<UL><LI>Max Depth = 40<LI>Call Chain = vTaskSwitchContext &rArr; pcTaskGetName &rArr;  pcTaskGetName (Cycle)
</UL>
<BR>[Calls]<UL><LI><a href="#[1bd]">&gt;&gt;</a>&nbsp;&nbsp;&nbsp;xTaskGetCurrentTaskHandle
<LI><a href="#[1be]">&gt;&gt;</a>&nbsp;&nbsp;&nbsp;pcTaskGetName
<LI><a href="#[1fb]">&gt;&gt;</a>&nbsp;&nbsp;&nbsp;vApplicationStackOverflowHook
<LI><a href="#[180]">&gt;&gt;</a>&nbsp;&nbsp;&nbsp;__2printf
</UL>
<BR>[Called By]<UL><LI><a href="#[8]">&gt;&gt;</a>&nbsp;&nbsp;&nbsp;PendSV_Handler
</UL>

<P><STRONG><a name="[14b]"></a>write_1302</STRONG> (Thumb, 100 bytes, Stack size 24 bytes, ds1302.o(i.write_1302))
<BR><BR>[Stack]<UL><LI>Max Depth = 56<LI>Call Chain = write_1302 &rArr; write_1302byte &rArr; Delay
</UL>
<BR>[Calls]<UL><LI><a href="#[cb]">&gt;&gt;</a>&nbsp;&nbsp;&nbsp;gpio_bit_write
<LI><a href="#[1eb]">&gt;&gt;</a>&nbsp;&nbsp;&nbsp;write_1302byte
<LI><a href="#[13c]">&gt;&gt;</a>&nbsp;&nbsp;&nbsp;Delay
</UL>
<BR>[Called By]<UL><LI><a href="#[14a]">&gt;&gt;</a>&nbsp;&nbsp;&nbsp;InitDs1302
</UL>

<P><STRONG><a name="[1eb]"></a>write_1302byte</STRONG> (Thumb, 106 bytes, Stack size 24 bytes, ds1302.o(i.write_1302byte))
<BR><BR>[Stack]<UL><LI>Max Depth = 32<LI>Call Chain = write_1302byte &rArr; Delay
</UL>
<BR>[Calls]<UL><LI><a href="#[cb]">&gt;&gt;</a>&nbsp;&nbsp;&nbsp;gpio_bit_write
<LI><a href="#[13c]">&gt;&gt;</a>&nbsp;&nbsp;&nbsp;Delay
</UL>
<BR>[Called By]<UL><LI><a href="#[14b]">&gt;&gt;</a>&nbsp;&nbsp;&nbsp;write_1302
<LI><a href="#[102]">&gt;&gt;</a>&nbsp;&nbsp;&nbsp;read_1302
</UL>

<P><STRONG><a name="[1ff]"></a>xPortStartScheduler</STRONG> (Thumb, 206 bytes, Stack size 16 bytes, port.o(i.xPortStartScheduler))
<BR><BR>[Stack]<UL><LI>Max Depth = 48<LI>Call Chain = xPortStartScheduler &rArr; pcTaskGetName &rArr;  pcTaskGetName (Cycle)
</UL>
<BR>[Calls]<UL><LI><a href="#[1bd]">&gt;&gt;</a>&nbsp;&nbsp;&nbsp;xTaskGetCurrentTaskHandle
<LI><a href="#[1be]">&gt;&gt;</a>&nbsp;&nbsp;&nbsp;pcTaskGetName
<LI><a href="#[200]">&gt;&gt;</a>&nbsp;&nbsp;&nbsp;vPortSetupTimerInterrupt
<LI><a href="#[201]">&gt;&gt;</a>&nbsp;&nbsp;&nbsp;__asm___6_port_c_39a90d8d__prvStartFirstTask
<LI><a href="#[180]">&gt;&gt;</a>&nbsp;&nbsp;&nbsp;__2printf
</UL>
<BR>[Called By]<UL><LI><a href="#[1d0]">&gt;&gt;</a>&nbsp;&nbsp;&nbsp;vTaskStartScheduler
</UL>

<P><STRONG><a name="[178]"></a>xPortSysTickHandler</STRONG> (Thumb, 38 bytes, Stack size 8 bytes, port.o(i.xPortSysTickHandler))
<BR><BR>[Stack]<UL><LI>Max Depth = 64<LI>Call Chain = xPortSysTickHandler &rArr; xTaskIncrementTick &rArr; pcTaskGetName &rArr;  pcTaskGetName (Cycle)
</UL>
<BR>[Calls]<UL><LI><a href="#[202]">&gt;&gt;</a>&nbsp;&nbsp;&nbsp;xTaskIncrementTick
</UL>
<BR>[Called By]<UL><LI><a href="#[9]">&gt;&gt;</a>&nbsp;&nbsp;&nbsp;SysTick_Handler
</UL>

<P><STRONG><a name="[1c7]"></a>xTaskCreate</STRONG> (Thumb, 108 bytes, Stack size 56 bytes, tasks.o(i.xTaskCreate))
<BR><BR>[Stack]<UL><LI>Max Depth = 160<LI>Call Chain = xTaskCreate &rArr; pvPortMalloc &rArr; xTaskResumeAll &rArr; xTaskIncrementTick &rArr; pcTaskGetName &rArr;  pcTaskGetName (Cycle)
</UL>
<BR>[Calls]<UL><LI><a href="#[1dc]">&gt;&gt;</a>&nbsp;&nbsp;&nbsp;vPortFree
<LI><a href="#[1e5]">&gt;&gt;</a>&nbsp;&nbsp;&nbsp;pvPortMalloc
<LI><a href="#[1dd]">&gt;&gt;</a>&nbsp;&nbsp;&nbsp;prvInitialiseNewTask
<LI><a href="#[1d8]">&gt;&gt;</a>&nbsp;&nbsp;&nbsp;prvAddNewTaskToReadyList
<LI><a href="#[ab]">&gt;&gt;</a>&nbsp;&nbsp;&nbsp;__aeabi_memclr4
</UL>
<BR>[Called By]<UL><LI><a href="#[46]">&gt;&gt;</a>&nbsp;&nbsp;&nbsp;main
</UL>

<P><STRONG><a name="[1fe]"></a>xTaskCreateStatic</STRONG> (Thumb, 174 bytes, Stack size 56 bytes, tasks.o(i.xTaskCreateStatic))
<BR><BR>[Stack]<UL><LI>Max Depth = 120<LI>Call Chain = xTaskCreateStatic &rArr; prvInitialiseNewTask &rArr; pcTaskGetName &rArr;  pcTaskGetName (Cycle)
</UL>
<BR>[Calls]<UL><LI><a href="#[1bd]">&gt;&gt;</a>&nbsp;&nbsp;&nbsp;xTaskGetCurrentTaskHandle
<LI><a href="#[1be]">&gt;&gt;</a>&nbsp;&nbsp;&nbsp;pcTaskGetName
<LI><a href="#[1dd]">&gt;&gt;</a>&nbsp;&nbsp;&nbsp;prvInitialiseNewTask
<LI><a href="#[1d8]">&gt;&gt;</a>&nbsp;&nbsp;&nbsp;prvAddNewTaskToReadyList
<LI><a href="#[180]">&gt;&gt;</a>&nbsp;&nbsp;&nbsp;__2printf
<LI><a href="#[ab]">&gt;&gt;</a>&nbsp;&nbsp;&nbsp;__aeabi_memclr4
</UL>
<BR>[Called By]<UL><LI><a href="#[1d0]">&gt;&gt;</a>&nbsp;&nbsp;&nbsp;vTaskStartScheduler
</UL>

<P><STRONG><a name="[1bd]"></a>xTaskGetCurrentTaskHandle</STRONG> (Thumb, 6 bytes, Stack size 0 bytes, tasks.o(i.xTaskGetCurrentTaskHandle))
<BR><BR>[Called By]<UL><LI><a href="#[1d0]">&gt;&gt;</a>&nbsp;&nbsp;&nbsp;vTaskStartScheduler
<LI><a href="#[182]">&gt;&gt;</a>&nbsp;&nbsp;&nbsp;vTaskDelay
<LI><a href="#[1c0]">&gt;&gt;</a>&nbsp;&nbsp;&nbsp;vPortExitCritical
<LI><a href="#[1bf]">&gt;&gt;</a>&nbsp;&nbsp;&nbsp;vPortEnterCritical
<LI><a href="#[1be]">&gt;&gt;</a>&nbsp;&nbsp;&nbsp;pcTaskGetName
<LI><a href="#[1ea]">&gt;&gt;</a>&nbsp;&nbsp;&nbsp;vApplicationMallocFailedHook
<LI><a href="#[46]">&gt;&gt;</a>&nbsp;&nbsp;&nbsp;main
<LI><a href="#[202]">&gt;&gt;</a>&nbsp;&nbsp;&nbsp;xTaskIncrementTick
<LI><a href="#[1ff]">&gt;&gt;</a>&nbsp;&nbsp;&nbsp;xPortStartScheduler
<LI><a href="#[85]">&gt;&gt;</a>&nbsp;&nbsp;&nbsp;vTaskSwitchContext
<LI><a href="#[51]">&gt;&gt;</a>&nbsp;&nbsp;&nbsp;prvTaskExitError
<LI><a href="#[1e9]">&gt;&gt;</a>&nbsp;&nbsp;&nbsp;xTaskResumeAll
<LI><a href="#[1dc]">&gt;&gt;</a>&nbsp;&nbsp;&nbsp;vPortFree
<LI><a href="#[1e5]">&gt;&gt;</a>&nbsp;&nbsp;&nbsp;pvPortMalloc
<LI><a href="#[1fe]">&gt;&gt;</a>&nbsp;&nbsp;&nbsp;xTaskCreateStatic
<LI><a href="#[1bc]">&gt;&gt;</a>&nbsp;&nbsp;&nbsp;eTaskGetState
<LI><a href="#[1dd]">&gt;&gt;</a>&nbsp;&nbsp;&nbsp;prvInitialiseNewTask
<LI><a href="#[1db]">&gt;&gt;</a>&nbsp;&nbsp;&nbsp;prvDeleteTCB
</UL>

<P><STRONG><a name="[202]"></a>xTaskIncrementTick</STRONG> (Thumb, 362 bytes, Stack size 24 bytes, tasks.o(i.xTaskIncrementTick))
<BR><BR>[Stack]<UL><LI>Max Depth = 56<LI>Call Chain = xTaskIncrementTick &rArr; pcTaskGetName &rArr;  pcTaskGetName (Cycle)
</UL>
<BR>[Calls]<UL><LI><a href="#[1bd]">&gt;&gt;</a>&nbsp;&nbsp;&nbsp;xTaskGetCurrentTaskHandle
<LI><a href="#[1be]">&gt;&gt;</a>&nbsp;&nbsp;&nbsp;pcTaskGetName
<LI><a href="#[203]">&gt;&gt;</a>&nbsp;&nbsp;&nbsp;prvResetNextTaskUnblockTime
<LI><a href="#[180]">&gt;&gt;</a>&nbsp;&nbsp;&nbsp;__2printf
</UL>
<BR>[Called By]<UL><LI><a href="#[178]">&gt;&gt;</a>&nbsp;&nbsp;&nbsp;xPortSysTickHandler
<LI><a href="#[1e9]">&gt;&gt;</a>&nbsp;&nbsp;&nbsp;xTaskResumeAll
</UL>

<P><STRONG><a name="[1e9]"></a>xTaskResumeAll</STRONG> (Thumb, 314 bytes, Stack size 24 bytes, tasks.o(i.xTaskResumeAll))
<BR><BR>[Stack]<UL><LI>Max Depth = 80<LI>Call Chain = xTaskResumeAll &rArr; xTaskIncrementTick &rArr; pcTaskGetName &rArr;  pcTaskGetName (Cycle)
</UL>
<BR>[Calls]<UL><LI><a href="#[1bd]">&gt;&gt;</a>&nbsp;&nbsp;&nbsp;xTaskGetCurrentTaskHandle
<LI><a href="#[1c0]">&gt;&gt;</a>&nbsp;&nbsp;&nbsp;vPortExitCritical
<LI><a href="#[1bf]">&gt;&gt;</a>&nbsp;&nbsp;&nbsp;vPortEnterCritical
<LI><a href="#[1be]">&gt;&gt;</a>&nbsp;&nbsp;&nbsp;pcTaskGetName
<LI><a href="#[202]">&gt;&gt;</a>&nbsp;&nbsp;&nbsp;xTaskIncrementTick
<LI><a href="#[203]">&gt;&gt;</a>&nbsp;&nbsp;&nbsp;prvResetNextTaskUnblockTime
<LI><a href="#[180]">&gt;&gt;</a>&nbsp;&nbsp;&nbsp;__2printf
</UL>
<BR>[Called By]<UL><LI><a href="#[182]">&gt;&gt;</a>&nbsp;&nbsp;&nbsp;vTaskDelay
<LI><a href="#[1dc]">&gt;&gt;</a>&nbsp;&nbsp;&nbsp;vPortFree
<LI><a href="#[1e5]">&gt;&gt;</a>&nbsp;&nbsp;&nbsp;pvPortMalloc
<LI><a href="#[1e2]">&gt;&gt;</a>&nbsp;&nbsp;&nbsp;vTaskGetInfo
<LI><a href="#[1fa]">&gt;&gt;</a>&nbsp;&nbsp;&nbsp;uxTaskGetSystemState
</UL>
<P>
<H3>
Local Symbols
</H3>
<P><STRONG><a name="[1f3]"></a>NVIC_SetPriority</STRONG> (Thumb, 32 bytes, Stack size 0 bytes, systick.o(i.NVIC_SetPriority))
<BR><BR>[Called By]<UL><LI><a href="#[1cc]">&gt;&gt;</a>&nbsp;&nbsp;&nbsp;systick_config
</UL>

<P><STRONG><a name="[15c]"></a>NVIC_SystemReset</STRONG> (Thumb, 24 bytes, Stack size 0 bytes, keyboard.o(i.NVIC_SystemReset))
<BR><BR>[Called By]<UL><LI><a href="#[15b]">&gt;&gt;</a>&nbsp;&nbsp;&nbsp;PKeybordProc
</UL>

<P><STRONG><a name="[1f2]"></a>system_clock_108m_hxtal</STRONG> (Thumb, 128 bytes, Stack size 0 bytes, system_gd32f10x.o(i.system_clock_108m_hxtal))
<BR><BR>[Called By]<UL><LI><a href="#[179]">&gt;&gt;</a>&nbsp;&nbsp;&nbsp;system_clock_config
</UL>

<P><STRONG><a name="[179]"></a>system_clock_config</STRONG> (Thumb, 4 bytes, Stack size 0 bytes, system_gd32f10x.o(i.system_clock_config))
<BR><BR>[Calls]<UL><LI><a href="#[1f2]">&gt;&gt;</a>&nbsp;&nbsp;&nbsp;system_clock_108m_hxtal
</UL>
<BR>[Called By]<UL><LI><a href="#[47]">&gt;&gt;</a>&nbsp;&nbsp;&nbsp;SystemInit
</UL>

<P><STRONG><a name="[1e7]"></a>prvHeapInit</STRONG> (Thumb, 62 bytes, Stack size 0 bytes, heap_4.o(i.prvHeapInit))
<BR><BR>[Called By]<UL><LI><a href="#[1e5]">&gt;&gt;</a>&nbsp;&nbsp;&nbsp;pvPortMalloc
</UL>

<P><STRONG><a name="[1e8]"></a>prvInsertBlockIntoFreeList</STRONG> (Thumb, 78 bytes, Stack size 12 bytes, heap_4.o(i.prvInsertBlockIntoFreeList))
<BR><BR>[Stack]<UL><LI>Max Depth = 12<LI>Call Chain = prvInsertBlockIntoFreeList
</UL>
<BR>[Called By]<UL><LI><a href="#[1dc]">&gt;&gt;</a>&nbsp;&nbsp;&nbsp;vPortFree
<LI><a href="#[1e5]">&gt;&gt;</a>&nbsp;&nbsp;&nbsp;pvPortMalloc
</UL>

<P><STRONG><a name="[51]"></a>prvTaskExitError</STRONG> (Thumb, 66 bytes, Stack size 0 bytes, port.o(i.prvTaskExitError))
<BR><BR>[Stack]<UL><LI>Max Depth = 32<LI>Call Chain = prvTaskExitError &rArr; pcTaskGetName &rArr;  pcTaskGetName (Cycle)
</UL>
<BR>[Calls]<UL><LI><a href="#[1bd]">&gt;&gt;</a>&nbsp;&nbsp;&nbsp;xTaskGetCurrentTaskHandle
<LI><a href="#[1be]">&gt;&gt;</a>&nbsp;&nbsp;&nbsp;pcTaskGetName
<LI><a href="#[180]">&gt;&gt;</a>&nbsp;&nbsp;&nbsp;__2printf
</UL>
<BR>[Address Reference Count : 1]<UL><LI> port.o(i.pxPortInitialiseStack)
</UL>
<P><STRONG><a name="[1d5]"></a>prvAddCurrentTaskToDelayedList</STRONG> (Thumb, 130 bytes, Stack size 24 bytes, tasks.o(i.prvAddCurrentTaskToDelayedList))
<BR><BR>[Stack]<UL><LI>Max Depth = 36<LI>Call Chain = prvAddCurrentTaskToDelayedList &rArr; vListInsert
</UL>
<BR>[Calls]<UL><LI><a href="#[1d7]">&gt;&gt;</a>&nbsp;&nbsp;&nbsp;vListInsert
<LI><a href="#[1d6]">&gt;&gt;</a>&nbsp;&nbsp;&nbsp;uxListRemove
</UL>
<BR>[Called By]<UL><LI><a href="#[182]">&gt;&gt;</a>&nbsp;&nbsp;&nbsp;vTaskDelay
</UL>

<P><STRONG><a name="[1d8]"></a>prvAddNewTaskToReadyList</STRONG> (Thumb, 158 bytes, Stack size 16 bytes, tasks.o(i.prvAddNewTaskToReadyList))
<BR><BR>[Stack]<UL><LI>Max Depth = 56<LI>Call Chain = prvAddNewTaskToReadyList &rArr; vPortExitCritical &rArr; pcTaskGetName &rArr;  pcTaskGetName (Cycle)
</UL>
<BR>[Calls]<UL><LI><a href="#[1c0]">&gt;&gt;</a>&nbsp;&nbsp;&nbsp;vPortExitCritical
<LI><a href="#[1bf]">&gt;&gt;</a>&nbsp;&nbsp;&nbsp;vPortEnterCritical
<LI><a href="#[1d9]">&gt;&gt;</a>&nbsp;&nbsp;&nbsp;prvInitialiseTaskLists
</UL>
<BR>[Called By]<UL><LI><a href="#[1c7]">&gt;&gt;</a>&nbsp;&nbsp;&nbsp;xTaskCreate
<LI><a href="#[1fe]">&gt;&gt;</a>&nbsp;&nbsp;&nbsp;xTaskCreateStatic
</UL>

<P><STRONG><a name="[1da]"></a>prvCheckTasksWaitingTermination</STRONG> (Thumb, 52 bytes, Stack size 16 bytes, tasks.o(i.prvCheckTasksWaitingTermination))
<BR><BR>[Stack]<UL><LI>Max Depth = 120<LI>Call Chain = prvCheckTasksWaitingTermination &rArr; prvDeleteTCB &rArr; vPortFree &rArr; xTaskResumeAll &rArr; xTaskIncrementTick &rArr; pcTaskGetName &rArr;  pcTaskGetName (Cycle)
</UL>
<BR>[Calls]<UL><LI><a href="#[1c0]">&gt;&gt;</a>&nbsp;&nbsp;&nbsp;vPortExitCritical
<LI><a href="#[1bf]">&gt;&gt;</a>&nbsp;&nbsp;&nbsp;vPortEnterCritical
<LI><a href="#[1db]">&gt;&gt;</a>&nbsp;&nbsp;&nbsp;prvDeleteTCB
<LI><a href="#[1d6]">&gt;&gt;</a>&nbsp;&nbsp;&nbsp;uxListRemove
</UL>
<BR>[Called By]<UL><LI><a href="#[52]">&gt;&gt;</a>&nbsp;&nbsp;&nbsp;prvIdleTask
</UL>

<P><STRONG><a name="[1db]"></a>prvDeleteTCB</STRONG> (Thumb, 92 bytes, Stack size 8 bytes, tasks.o(i.prvDeleteTCB))
<BR><BR>[Stack]<UL><LI>Max Depth = 104<LI>Call Chain = prvDeleteTCB &rArr; vPortFree &rArr; xTaskResumeAll &rArr; xTaskIncrementTick &rArr; pcTaskGetName &rArr;  pcTaskGetName (Cycle)
</UL>
<BR>[Calls]<UL><LI><a href="#[1bd]">&gt;&gt;</a>&nbsp;&nbsp;&nbsp;xTaskGetCurrentTaskHandle
<LI><a href="#[1be]">&gt;&gt;</a>&nbsp;&nbsp;&nbsp;pcTaskGetName
<LI><a href="#[1dc]">&gt;&gt;</a>&nbsp;&nbsp;&nbsp;vPortFree
<LI><a href="#[180]">&gt;&gt;</a>&nbsp;&nbsp;&nbsp;__2printf
</UL>
<BR>[Called By]<UL><LI><a href="#[1da]">&gt;&gt;</a>&nbsp;&nbsp;&nbsp;prvCheckTasksWaitingTermination
</UL>

<P><STRONG><a name="[52]"></a>prvIdleTask</STRONG> (Thumb, 30 bytes, Stack size 0 bytes, tasks.o(i.prvIdleTask))
<BR><BR>[Stack]<UL><LI>Max Depth = 120<LI>Call Chain = prvIdleTask &rArr; prvCheckTasksWaitingTermination &rArr; prvDeleteTCB &rArr; vPortFree &rArr; xTaskResumeAll &rArr; xTaskIncrementTick &rArr; pcTaskGetName &rArr;  pcTaskGetName (Cycle)
</UL>
<BR>[Calls]<UL><LI><a href="#[1da]">&gt;&gt;</a>&nbsp;&nbsp;&nbsp;prvCheckTasksWaitingTermination
</UL>
<BR>[Address Reference Count : 1]<UL><LI> tasks.o(i.vTaskStartScheduler)
</UL>
<P><STRONG><a name="[1dd]"></a>prvInitialiseNewTask</STRONG> (Thumb, 218 bytes, Stack size 32 bytes, tasks.o(i.prvInitialiseNewTask))
<BR><BR>[Stack]<UL><LI>Max Depth = 64<LI>Call Chain = prvInitialiseNewTask &rArr; pcTaskGetName &rArr;  pcTaskGetName (Cycle)
</UL>
<BR>[Calls]<UL><LI><a href="#[1bd]">&gt;&gt;</a>&nbsp;&nbsp;&nbsp;xTaskGetCurrentTaskHandle
<LI><a href="#[1be]">&gt;&gt;</a>&nbsp;&nbsp;&nbsp;pcTaskGetName
<LI><a href="#[1df]">&gt;&gt;</a>&nbsp;&nbsp;&nbsp;pxPortInitialiseStack
<LI><a href="#[1de]">&gt;&gt;</a>&nbsp;&nbsp;&nbsp;vListInitialiseItem
<LI><a href="#[180]">&gt;&gt;</a>&nbsp;&nbsp;&nbsp;__2printf
<LI><a href="#[87]">&gt;&gt;</a>&nbsp;&nbsp;&nbsp;__aeabi_memset
</UL>
<BR>[Called By]<UL><LI><a href="#[1c7]">&gt;&gt;</a>&nbsp;&nbsp;&nbsp;xTaskCreate
<LI><a href="#[1fe]">&gt;&gt;</a>&nbsp;&nbsp;&nbsp;xTaskCreateStatic
</UL>

<P><STRONG><a name="[1d9]"></a>prvInitialiseTaskLists</STRONG> (Thumb, 74 bytes, Stack size 16 bytes, tasks.o(i.prvInitialiseTaskLists))
<BR><BR>[Stack]<UL><LI>Max Depth = 16<LI>Call Chain = prvInitialiseTaskLists
</UL>
<BR>[Calls]<UL><LI><a href="#[1e0]">&gt;&gt;</a>&nbsp;&nbsp;&nbsp;vListInitialise
</UL>
<BR>[Called By]<UL><LI><a href="#[1d8]">&gt;&gt;</a>&nbsp;&nbsp;&nbsp;prvAddNewTaskToReadyList
</UL>

<P><STRONG><a name="[1e1]"></a>prvListTasksWithinSingleList</STRONG> (Thumb, 92 bytes, Stack size 32 bytes, tasks.o(i.prvListTasksWithinSingleList))
<BR><BR>[Stack]<UL><LI>Max Depth = 136<LI>Call Chain = prvListTasksWithinSingleList &rArr; vTaskGetInfo &rArr; xTaskResumeAll &rArr; xTaskIncrementTick &rArr; pcTaskGetName &rArr;  pcTaskGetName (Cycle)
</UL>
<BR>[Calls]<UL><LI><a href="#[1e2]">&gt;&gt;</a>&nbsp;&nbsp;&nbsp;vTaskGetInfo
</UL>
<BR>[Called By]<UL><LI><a href="#[1fa]">&gt;&gt;</a>&nbsp;&nbsp;&nbsp;uxTaskGetSystemState
</UL>

<P><STRONG><a name="[203]"></a>prvResetNextTaskUnblockTime</STRONG> (Thumb, 28 bytes, Stack size 0 bytes, tasks.o(i.prvResetNextTaskUnblockTime))
<BR><BR>[Called By]<UL><LI><a href="#[202]">&gt;&gt;</a>&nbsp;&nbsp;&nbsp;xTaskIncrementTick
<LI><a href="#[1e9]">&gt;&gt;</a>&nbsp;&nbsp;&nbsp;xTaskResumeAll
</UL>

<P><STRONG><a name="[1fc]"></a>prvTaskCheckFreeStackSpace</STRONG> (Thumb, 20 bytes, Stack size 0 bytes, tasks.o(i.prvTaskCheckFreeStackSpace))
<BR><BR>[Called By]<UL><LI><a href="#[1e2]">&gt;&gt;</a>&nbsp;&nbsp;&nbsp;vTaskGetInfo
</UL>

<P><STRONG><a name="[1e3]"></a>prvWriteNameToBuffer</STRONG> (Thumb, 36 bytes, Stack size 8 bytes, tasks.o(i.prvWriteNameToBuffer))
<BR><BR>[Stack]<UL><LI>Max Depth = 8<LI>Call Chain = prvWriteNameToBuffer
</UL>
<BR>[Calls]<UL><LI><a href="#[1e4]">&gt;&gt;</a>&nbsp;&nbsp;&nbsp;strcpy
<LI><a href="#[b9]">&gt;&gt;</a>&nbsp;&nbsp;&nbsp;strlen
</UL>
<BR>[Called By]<UL><LI><a href="#[181]">&gt;&gt;</a>&nbsp;&nbsp;&nbsp;vTaskList
<LI><a href="#[17f]">&gt;&gt;</a>&nbsp;&nbsp;&nbsp;vTaskGetRunTimeStats
</UL>

<P><STRONG><a name="[1ac]"></a>_fp_digits</STRONG> (Thumb, 366 bytes, Stack size 64 bytes, printfa.o(i._fp_digits), UNUSED)
<BR><BR>[Calls]<UL><LI><a href="#[95]">&gt;&gt;</a>&nbsp;&nbsp;&nbsp;__aeabi_ddiv
<LI><a href="#[8d]">&gt;&gt;</a>&nbsp;&nbsp;&nbsp;__aeabi_dadd
<LI><a href="#[94]">&gt;&gt;</a>&nbsp;&nbsp;&nbsp;__aeabi_dmul
<LI><a href="#[9d]">&gt;&gt;</a>&nbsp;&nbsp;&nbsp;__aeabi_uldivmod
<LI><a href="#[a3]">&gt;&gt;</a>&nbsp;&nbsp;&nbsp;__aeabi_d2ulz
<LI><a href="#[1ad]">&gt;&gt;</a>&nbsp;&nbsp;&nbsp;__aeabi_cdrcmple
</UL>
<BR>[Called By]<UL><LI><a href="#[1aa]">&gt;&gt;</a>&nbsp;&nbsp;&nbsp;_printf_core
</UL>

<P><STRONG><a name="[1aa]"></a>_printf_core</STRONG> (Thumb, 1704 bytes, Stack size 136 bytes, printfa.o(i._printf_core), UNUSED)
<BR><BR>[Calls]<UL><LI><a href="#[9d]">&gt;&gt;</a>&nbsp;&nbsp;&nbsp;__aeabi_uldivmod
<LI><a href="#[1b0]">&gt;&gt;</a>&nbsp;&nbsp;&nbsp;__aeabi_uidivmod
<LI><a href="#[1ae]">&gt;&gt;</a>&nbsp;&nbsp;&nbsp;_printf_pre_padding
<LI><a href="#[1af]">&gt;&gt;</a>&nbsp;&nbsp;&nbsp;_printf_post_padding
<LI><a href="#[1ac]">&gt;&gt;</a>&nbsp;&nbsp;&nbsp;_fp_digits
</UL>
<BR>[Called By]<UL><LI><a href="#[1ab]">&gt;&gt;</a>&nbsp;&nbsp;&nbsp;__0sprintf
<LI><a href="#[1a9]">&gt;&gt;</a>&nbsp;&nbsp;&nbsp;__0printf
</UL>

<P><STRONG><a name="[1af]"></a>_printf_post_padding</STRONG> (Thumb, 36 bytes, Stack size 24 bytes, printfa.o(i._printf_post_padding), UNUSED)
<BR><BR>[Called By]<UL><LI><a href="#[1aa]">&gt;&gt;</a>&nbsp;&nbsp;&nbsp;_printf_core
</UL>

<P><STRONG><a name="[1ae]"></a>_printf_pre_padding</STRONG> (Thumb, 46 bytes, Stack size 24 bytes, printfa.o(i._printf_pre_padding), UNUSED)
<BR><BR>[Called By]<UL><LI><a href="#[1aa]">&gt;&gt;</a>&nbsp;&nbsp;&nbsp;_printf_core
</UL>

<P><STRONG><a name="[4d]"></a>_sputc</STRONG> (Thumb, 10 bytes, Stack size 0 bytes, printfa.o(i._sputc))
<BR><BR>[Called By]<UL><LI><a href="#[1ab]">&gt;&gt;</a>&nbsp;&nbsp;&nbsp;__0sprintf
</UL>
<BR>[Address Reference Count : 1]<UL><LI> printfa.o(i.__0sprintf)
</UL>
<P><STRONG><a name="[9e]"></a>_local_sscanf</STRONG> (Thumb, 54 bytes, Stack size 56 bytes, strtod.o(.text))
<BR><BR>[Stack]<UL><LI>Max Depth = 160<LI>Call Chain = _local_sscanf &rArr; _scanf_real
</UL>
<BR>[Calls]<UL><LI><a href="#[9f]">&gt;&gt;</a>&nbsp;&nbsp;&nbsp;_scanf_real
</UL>
<BR>[Called By]<UL><LI><a href="#[a0]">&gt;&gt;</a>&nbsp;&nbsp;&nbsp;__strtod_int
</UL>

<P><STRONG><a name="[a5]"></a>_fp_value</STRONG> (Thumb, 296 bytes, Stack size 64 bytes, scanf_fp.o(.text), UNUSED)
<BR><BR>[Calls]<UL><LI><a href="#[95]">&gt;&gt;</a>&nbsp;&nbsp;&nbsp;__aeabi_ddiv
<LI><a href="#[94]">&gt;&gt;</a>&nbsp;&nbsp;&nbsp;__aeabi_dmul
<LI><a href="#[a6]">&gt;&gt;</a>&nbsp;&nbsp;&nbsp;__aeabi_ul2d
</UL>
<BR>[Called By]<UL><LI><a href="#[a7]">&gt;&gt;</a>&nbsp;&nbsp;&nbsp;_scanf_really_real
</UL>
<P>
<H3>
Undefined Global Symbols
</H3><HR></body></html>
